Archive member included to satisfy reference by file (symbol)

c:/ac6/systemworkbench/plugins/fr.ac6.mcu.externaltools.arm-none.win32_1.15.0.201708311556/tools/compiler/bin/../lib/gcc/arm-none-eabi/6.3.1/../../../../arm-none-eabi/lib/thumb/v7-m\librdimon_nano.a(rdimon-syscalls.o)
                              c:/ac6/systemworkbench/plugins/fr.ac6.mcu.externaltools.arm-none.win32_1.15.0.201708311556/tools/compiler/bin/../lib/gcc/arm-none-eabi/6.3.1/../../../../arm-none-eabi/lib/thumb/v7-m/rdimon-crt0.o (initialise_monitor_handles)
c:/ac6/systemworkbench/plugins/fr.ac6.mcu.externaltools.arm-none.win32_1.15.0.201708311556/tools/compiler/bin/../lib/gcc/arm-none-eabi/6.3.1/thumb/v7-m\libgcc.a(_arm_addsubdf3.o)
                              ros_lib/duration.o (__aeabi_i2d)
c:/ac6/systemworkbench/plugins/fr.ac6.mcu.externaltools.arm-none.win32_1.15.0.201708311556/tools/compiler/bin/../lib/gcc/arm-none-eabi/6.3.1/thumb/v7-m\libgcc.a(_arm_muldivdf3.o)
                              ros_lib/duration.o (__aeabi_dmul)
c:/ac6/systemworkbench/plugins/fr.ac6.mcu.externaltools.arm-none.win32_1.15.0.201708311556/tools/compiler/bin/../lib/gcc/arm-none-eabi/6.3.1/thumb/v7-m\libgcc.a(_arm_fixdfsi.o)
                              ros_lib/duration.o (__aeabi_d2iz)
c:/ac6/systemworkbench/plugins/fr.ac6.mcu.externaltools.arm-none.win32_1.15.0.201708311556/tools/compiler/bin/../lib/gcc/arm-none-eabi/6.3.1/thumb/v7-m\libgcc.a(_arm_cmpsf2.o)
                              usr/cpp_main.o (__aeabi_fcmplt)
c:/ac6/systemworkbench/plugins/fr.ac6.mcu.externaltools.arm-none.win32_1.15.0.201708311556/tools/compiler/bin/../lib/gcc/arm-none-eabi/6.3.1/../../../../arm-none-eabi/lib/thumb/v7-m\libc_nano.a(lib_a-errno.o)
                              c:/ac6/systemworkbench/plugins/fr.ac6.mcu.externaltools.arm-none.win32_1.15.0.201708311556/tools/compiler/bin/../lib/gcc/arm-none-eabi/6.3.1/../../../../arm-none-eabi/lib/thumb/v7-m\librdimon_nano.a(rdimon-syscalls.o) (__errno)
c:/ac6/systemworkbench/plugins/fr.ac6.mcu.externaltools.arm-none.win32_1.15.0.201708311556/tools/compiler/bin/../lib/gcc/arm-none-eabi/6.3.1/../../../../arm-none-eabi/lib/thumb/v7-m\libc_nano.a(lib_a-exit.o)
                              c:/ac6/systemworkbench/plugins/fr.ac6.mcu.externaltools.arm-none.win32_1.15.0.201708311556/tools/compiler/bin/../lib/gcc/arm-none-eabi/6.3.1/../../../../arm-none-eabi/lib/thumb/v7-m/rdimon-crt0.o (exit)
c:/ac6/systemworkbench/plugins/fr.ac6.mcu.externaltools.arm-none.win32_1.15.0.201708311556/tools/compiler/bin/../lib/gcc/arm-none-eabi/6.3.1/../../../../arm-none-eabi/lib/thumb/v7-m\libc_nano.a(lib_a-findfp.o)
                              c:/ac6/systemworkbench/plugins/fr.ac6.mcu.externaltools.arm-none.win32_1.15.0.201708311556/tools/compiler/bin/../lib/gcc/arm-none-eabi/6.3.1/../../../../arm-none-eabi/lib/thumb/v7-m\librdimon_nano.a(rdimon-syscalls.o) (__sinit)
c:/ac6/systemworkbench/plugins/fr.ac6.mcu.externaltools.arm-none.win32_1.15.0.201708311556/tools/compiler/bin/../lib/gcc/arm-none-eabi/6.3.1/../../../../arm-none-eabi/lib/thumb/v7-m\libc_nano.a(lib_a-fwalk.o)
                              c:/ac6/systemworkbench/plugins/fr.ac6.mcu.externaltools.arm-none.win32_1.15.0.201708311556/tools/compiler/bin/../lib/gcc/arm-none-eabi/6.3.1/../../../../arm-none-eabi/lib/thumb/v7-m\libc_nano.a(lib_a-findfp.o) (_fwalk)
c:/ac6/systemworkbench/plugins/fr.ac6.mcu.externaltools.arm-none.win32_1.15.0.201708311556/tools/compiler/bin/../lib/gcc/arm-none-eabi/6.3.1/../../../../arm-none-eabi/lib/thumb/v7-m\libc_nano.a(lib_a-impure.o)
                              c:/ac6/systemworkbench/plugins/fr.ac6.mcu.externaltools.arm-none.win32_1.15.0.201708311556/tools/compiler/bin/../lib/gcc/arm-none-eabi/6.3.1/../../../../arm-none-eabi/lib/thumb/v7-m\libc_nano.a(lib_a-exit.o) (_global_impure_ptr)
c:/ac6/systemworkbench/plugins/fr.ac6.mcu.externaltools.arm-none.win32_1.15.0.201708311556/tools/compiler/bin/../lib/gcc/arm-none-eabi/6.3.1/../../../../arm-none-eabi/lib/thumb/v7-m\libc_nano.a(lib_a-init.o)
                              c:/ac6/systemworkbench/plugins/fr.ac6.mcu.externaltools.arm-none.win32_1.15.0.201708311556/tools/compiler/bin/../lib/gcc/arm-none-eabi/6.3.1/../../../../arm-none-eabi/lib/thumb/v7-m/rdimon-crt0.o (__libc_init_array)
c:/ac6/systemworkbench/plugins/fr.ac6.mcu.externaltools.arm-none.win32_1.15.0.201708311556/tools/compiler/bin/../lib/gcc/arm-none-eabi/6.3.1/../../../../arm-none-eabi/lib/thumb/v7-m\libc_nano.a(lib_a-memcpy-stub.o)
                              usr/cpp_main.o (memcpy)
c:/ac6/systemworkbench/plugins/fr.ac6.mcu.externaltools.arm-none.win32_1.15.0.201708311556/tools/compiler/bin/../lib/gcc/arm-none-eabi/6.3.1/../../../../arm-none-eabi/lib/thumb/v7-m\libc_nano.a(lib_a-memset.o)
                              c:/ac6/systemworkbench/plugins/fr.ac6.mcu.externaltools.arm-none.win32_1.15.0.201708311556/tools/compiler/bin/../lib/gcc/arm-none-eabi/6.3.1/../../../../arm-none-eabi/lib/thumb/v7-m/rdimon-crt0.o (memset)
[...]
Memory Configuration

Name             Origin             Length             Attributes
RAM              0x20000000         0x00005000         xrw
FLASH            0x08000000         0x00010000         xr
*default*        0x00000000         0xffffffff

Linker script and memory map

LOAD c:/ac6/systemworkbench/plugins/fr.ac6.mcu.externaltools.arm-none.win32_1.15.0.201708311556/tools/compiler/bin/../lib/gcc/arm-none-eabi/6.3.1/thumb/v7-m/crti.o
LOAD c:/ac6/systemworkbench/plugins/fr.ac6.mcu.externaltools.arm-none.win32_1.15.0.201708311556/tools/compiler/bin/../lib/gcc/arm-none-eabi/6.3.1/thumb/v7-m/crtbegin.o
LOAD c:/ac6/systemworkbench/plugins/fr.ac6.mcu.externaltools.arm-none.win32_1.15.0.201708311556/tools/compiler/bin/../lib/gcc/arm-none-eabi/6.3.1/../../../../arm-none-eabi/lib/thumb/v7-m/rdimon-crt0.o
LOAD c:/ac6/systemworkbench/plugins/fr.ac6.mcu.externaltools.arm-none.win32_1.15.0.201708311556/tools/compiler/bin/../lib/gcc/arm-none-eabi/6.3.1/../../../../arm-none-eabi/lib/thumb/v7-m\librdimon_nano.a
LOAD Drivers/STM32F1xx_HAL_Driver/Src/stm32f1xx_hal.o
LOAD Drivers/STM32F1xx_HAL_Driver/Src/stm32f1xx_hal_cortex.o
LOAD Drivers/STM32F1xx_HAL_Driver/Src/stm32f1xx_hal_dma.o
LOAD Drivers/STM32F1xx_HAL_Driver/Src/stm32f1xx_hal_flash.o
LOAD Drivers/STM32F1xx_HAL_Driver/Src/stm32f1xx_hal_flash_ex.o
LOAD Drivers/STM32F1xx_HAL_Driver/Src/stm32f1xx_hal_gpio.o
LOAD Drivers/STM32F1xx_HAL_Driver/Src/stm32f1xx_hal_gpio_ex.o
LOAD Drivers/STM32F1xx_HAL_Driver/Src/stm32f1xx_hal_pcd.o
LOAD Drivers/STM32F1xx_HAL_Driver/Src/stm32f1xx_hal_pcd_ex.o
LOAD Drivers/STM32F1xx_HAL_Driver/Src/stm32f1xx_hal_pwr.o
LOAD Drivers/STM32F1xx_HAL_Driver/Src/stm32f1xx_hal_rcc.o
LOAD Drivers/STM32F1xx_HAL_Driver/Src/stm32f1xx_hal_rcc_ex.o
LOAD Drivers/STM32F1xx_HAL_Driver/Src/stm32f1xx_hal_tim.o
LOAD Drivers/STM32F1xx_HAL_Driver/Src/stm32f1xx_hal_tim_ex.o
LOAD Drivers/STM32F1xx_HAL_Driver/Src/stm32f1xx_ll_usb.o
LOAD Middlewares/ST/STM32_USB_Device_Library/Class/CDC/Src/usbd_cdc.o
LOAD Middlewares/ST/STM32_USB_Device_Library/Core/Src/usbd_core.o
LOAD Middlewares/ST/STM32_USB_Device_Library/Core/Src/usbd_ctlreq.o
LOAD Middlewares/ST/STM32_USB_Device_Library/Core/Src/usbd_ioreq.o
LOAD Src/main.o
LOAD Src/stm32f1xx_hal_msp.o
LOAD Src/stm32f1xx_hal_timebase_TIM.o
LOAD Src/stm32f1xx_it.o
LOAD Src/system_stm32f1xx.o
LOAD Src/usb_device.o
LOAD Src/usbd_cdc_if.o
LOAD Src/usbd_conf.o
LOAD Src/usbd_desc.o
LOAD ros_lib/duration.o
LOAD ros_lib/time.o
LOAD startup/startup_stm32f103xb.o
LOAD usr/cpp_main.o
LOAD usr/ledStatus.o
LOAD usr/nbt.o
LOAD usr/ringbuffer.o
LOAD c:/ac6/systemworkbench/plugins/fr.ac6.mcu.externaltools.arm-none.win32_1.15.0.201708311556/tools/compiler/bin/../lib/gcc/arm-none-eabi/6.3.1/../../../../arm-none-eabi/lib/thumb/v7-m\libstdc++_nano.a
LOAD c:/ac6/systemworkbench/plugins/fr.ac6.mcu.externaltools.arm-none.win32_1.15.0.201708311556/tools/compiler/bin/../lib/gcc/arm-none-eabi/6.3.1/../../../../arm-none-eabi/lib/thumb/v7-m\libm.a
START GROUP
LOAD c:/ac6/systemworkbench/plugins/fr.ac6.mcu.externaltools.arm-none.win32_1.15.0.201708311556/tools/compiler/bin/../lib/gcc/arm-none-eabi/6.3.1/thumb/v7-m\libgcc.a
LOAD c:/ac6/systemworkbench/plugins/fr.ac6.mcu.externaltools.arm-none.win32_1.15.0.201708311556/tools/compiler/bin/../lib/gcc/arm-none-eabi/6.3.1/../../../../arm-none-eabi/lib/thumb/v7-m\libc_nano.a
END GROUP
START GROUP
LOAD c:/ac6/systemworkbench/plugins/fr.ac6.mcu.externaltools.arm-none.win32_1.15.0.201708311556/tools/compiler/bin/../lib/gcc/arm-none-eabi/6.3.1/thumb/v7-m\libgcc.a
LOAD c:/ac6/systemworkbench/plugins/fr.ac6.mcu.externaltools.arm-none.win32_1.15.0.201708311556/tools/compiler/bin/../lib/gcc/arm-none-eabi/6.3.1/../../../../arm-none-eabi/lib/thumb/v7-m\libc_nano.a
LOAD c:/ac6/systemworkbench/plugins/fr.ac6.mcu.externaltools.arm-none.win32_1.15.0.201708311556/tools/compiler/bin/../lib/gcc/arm-none-eabi/6.3.1/../../../../arm-none-eabi/lib/thumb/v7-m\libnosys.a
END GROUP
START GROUP
LOAD c:/ac6/systemworkbench/plugins/fr.ac6.mcu.externaltools.arm-none.win32_1.15.0.201708311556/tools/compiler/bin/../lib/gcc/arm-none-eabi/6.3.1/thumb/v7-m\libgcc.a
LOAD c:/ac6/systemworkbench/plugins/fr.ac6.mcu.externaltools.arm-none.win32_1.15.0.201708311556/tools/compiler/bin/../lib/gcc/arm-none-eabi/6.3.1/../../../../arm-none-eabi/lib/thumb/v7-m\libc_nano.a
LOAD c:/ac6/systemworkbench/plugins/fr.ac6.mcu.externaltools.arm-none.win32_1.15.0.201708311556/tools/compiler/bin/../lib/gcc/arm-none-eabi/6.3.1/../../../../arm-none-eabi/lib/thumb/v7-m\librdimon_nano.a
LOAD c:/ac6/systemworkbench/plugins/fr.ac6.mcu.externaltools.arm-none.win32_1.15.0.201708311556/tools/compiler/bin/../lib/gcc/arm-none-eabi/6.3.1/../../../../arm-none-eabi/lib/thumb/v7-m\libnosys.a
END GROUP
START GROUP
LOAD c:/ac6/systemworkbench/plugins/fr.ac6.mcu.externaltools.arm-none.win32_1.15.0.201708311556/tools/compiler/bin/../lib/gcc/arm-none-eabi/6.3.1/thumb/v7-m\libgcc.a
LOAD c:/ac6/systemworkbench/plugins/fr.ac6.mcu.externaltools.arm-none.win32_1.15.0.201708311556/tools/compiler/bin/../lib/gcc/arm-none-eabi/6.3.1/../../../../arm-none-eabi/lib/thumb/v7-m\libc_nano.a
LOAD c:/ac6/systemworkbench/plugins/fr.ac6.mcu.externaltools.arm-none.win32_1.15.0.201708311556/tools/compiler/bin/../lib/gcc/arm-none-eabi/6.3.1/../../../../arm-none-eabi/lib/thumb/v7-m\librdimon_nano.a
END GROUP
LOAD c:/ac6/systemworkbench/plugins/fr.ac6.mcu.externaltools.arm-none.win32_1.15.0.201708311556/tools/compiler/bin/../lib/gcc/arm-none-eabi/6.3.1/thumb/v7-m/crtend.o
LOAD c:/ac6/systemworkbench/plugins/fr.ac6.mcu.externaltools.arm-none.win32_1.15.0.201708311556/tools/compiler/bin/../lib/gcc/arm-none-eabi/6.3.1/thumb/v7-m/crtn.o
                0x20005000                _estack = 0x20005000
                0x00000200                _Min_Heap_Size = 0x200
                0x00000400                _Min_Stack_Size = 0x400

.isr_vector     0x08000000      0x10c
                0x08000000                . = ALIGN (0x4)
 *(.isr_vector)
 .isr_vector    0x08000000      0x10c startup/startup_stm32f103xb.o
                0x08000000                g_pfnVectors
                0x0800010c                . = ALIGN (0x4)

.text           0x0800010c     0x5204
                0x0800010c                . = ALIGN (0x4)
 *(.text)
 .text          0x0800010c       0x6c c:/ac6/systemworkbench/plugins/fr.ac6.mcu.externaltools.arm-none.win32_1.15.0.201708311556/tools/compiler/bin/../lib/gcc/arm-none-eabi/6.3.1/thumb/v7-m/crtbegin.o
 .text          0x08000178       0xec c:/ac6/systemworkbench/plugins/fr.ac6.mcu.externaltools.arm-none.win32_1.15.0.201708311556/tools/compiler/bin/../lib/gcc/arm-none-eabi/6.3.1/thumb/v7-m\libgcc.a(_arm_cmpsf2.o)
                0x08000178                __gesf2
                0x08000178                __gtsf2
                0x08000180                __lesf2
                0x08000180                __ltsf2
                0x08000188                __nesf2
                0x08000188                __eqsf2
                0x08000188                __cmpsf2
                0x080001e8                __aeabi_cfrcmple
                0x080001f0                __aeabi_cfcmpeq
                0x080001f0                __aeabi_cfcmple
                0x08000200                __aeabi_fcmpeq
                0x08000214                __aeabi_fcmplt
                0x08000228                __aeabi_fcmple
                0x0800023c                __aeabi_fcmpge
                0x08000250                __aeabi_fcmpgt
 .text          0x08000264       0x10 c:/ac6/systemworkbench/plugins/fr.ac6.mcu.externaltools.arm-none.win32_1.15.0.201708311556/tools/compiler/bin/../lib/gcc/arm-none-eabi/6.3.1/../../../../arm-none-eabi/lib/thumb/v7-m\libc_nano.a(lib_a-strlen.o)
                0x08000264                strlen
 *(.text*)
 .text._sbrk    0x08000274       0x48 c:/ac6/systemworkbench/plugins/fr.ac6.mcu.externaltools.arm-none.win32_1.15.0.201708311556/tools/compiler/bin/../lib/gcc/arm-none-eabi/6.3.1/../../../../arm-none-eabi/lib/thumb/v7-m\librdimon_nano.a(rdimon-syscalls.o)
                0x08000274                _sbrk
 .text.HAL_Init
                0x080002bc       0x24 Drivers/STM32F1xx_HAL_Driver/Src/stm32f1xx_hal.o
                0x080002bc                HAL_Init
 .text.HAL_IncTick
                0x080002e0       0x18 Drivers/STM32F1xx_HAL_Driver/Src/stm32f1xx_hal.o
                0x080002e0                HAL_IncTick
 .text.HAL_GetTick
                0x080002f8        0xc Drivers/STM32F1xx_HAL_Driver/Src/stm32f1xx_hal.o
                0x080002f8                HAL_GetTick
 .text.HAL_Delay
                0x08000304       0x28 Drivers/STM32F1xx_HAL_Driver/Src/stm32f1xx_hal.o
                0x08000304                HAL_Delay
 .text.HAL_NVIC_SetPriorityGrouping
                0x0800032c       0x24 Drivers/STM32F1xx_HAL_Driver/Src/stm32f1xx_hal_cortex.o
                0x0800032c                HAL_NVIC_SetPriorityGrouping
 .text.HAL_NVIC_SetPriority
                0x08000350       0x64 Drivers/STM32F1xx_HAL_Driver/Src/stm32f1xx_hal_cortex.o
                0x08000350                HAL_NVIC_SetPriority
 .text.HAL_NVIC_EnableIRQ
                0x080003b4       0x18 Drivers/STM32F1xx_HAL_Driver/Src/stm32f1xx_hal_cortex.o
                0x080003b4                HAL_NVIC_EnableIRQ
 .text.HAL_SYSTICK_Config
                0x080003cc       0x2c Drivers/STM32F1xx_HAL_Driver/Src/stm32f1xx_hal_cortex.o
                0x080003cc                HAL_SYSTICK_Config
 .text.HAL_SYSTICK_CLKSourceConfig
                0x080003f8       0x20 Drivers/STM32F1xx_HAL_Driver/Src/stm32f1xx_hal_cortex.o
                0x080003f8                HAL_SYSTICK_CLKSourceConfig
 .text.HAL_SYSTICK_Callback
                0x08000418        0x2 Drivers/STM32F1xx_HAL_Driver/Src/stm32f1xx_hal_cortex.o
                0x08000418                HAL_SYSTICK_Callback
 .text.HAL_SYSTICK_IRQHandler
                0x0800041a        0x8 Drivers/STM32F1xx_HAL_Driver/Src/stm32f1xx_hal_cortex.o
                0x0800041a                HAL_SYSTICK_IRQHandler
 *fill*         0x08000422        0x2 
 .text.HAL_GPIO_Init
                0x08000424      0x1ec Drivers/STM32F1xx_HAL_Driver/Src/stm32f1xx_hal_gpio.o
                0x08000424                HAL_GPIO_Init
 .text.HAL_GPIO_WritePin
                0x08000610        0xc Drivers/STM32F1xx_HAL_Driver/Src/stm32f1xx_hal_gpio.o
                0x08000610                HAL_GPIO_WritePin
 .text.HAL_GPIO_TogglePin
                0x0800061c        0x8 Drivers/STM32F1xx_HAL_Driver/Src/stm32f1xx_hal_gpio.o
                0x0800061c                HAL_GPIO_TogglePin
 .text.HAL_PCD_Init
                0x08000624       0xd6 Drivers/STM32F1xx_HAL_Driver/Src/stm32f1xx_hal_pcd.o
                0x08000624                HAL_PCD_Init
 .text.HAL_PCD_Start
                0x080006fa       0x2e Drivers/STM32F1xx_HAL_Driver/Src/stm32f1xx_hal_pcd.o
                0x080006fa                HAL_PCD_Start
 .text.HAL_PCD_SetAddress
                0x08000728       0x28 Drivers/STM32F1xx_HAL_Driver/Src/stm32f1xx_hal_pcd.o
                0x08000728                HAL_PCD_SetAddress
 .text.HAL_PCD_EP_Open
                0x08000750       0x52 Drivers/STM32F1xx_HAL_Driver/Src/stm32f1xx_hal_pcd.o
                0x08000750                HAL_PCD_EP_Open
 .text.HAL_PCD_EP_Close
                0x080007a2       0x4e Drivers/STM32F1xx_HAL_Driver/Src/stm32f1xx_hal_pcd.o
                0x080007a2                HAL_PCD_EP_Close
 .text.HAL_PCD_EP_Receive
                0x080007f0       0x3e Drivers/STM32F1xx_HAL_Driver/Src/stm32f1xx_hal_pcd.o
                0x080007f0                HAL_PCD_EP_Receive
 .text.HAL_PCD_EP_GetRxCount
                0x0800082e        0xe Drivers/STM32F1xx_HAL_Driver/Src/stm32f1xx_hal_pcd.o
                0x0800082e                HAL_PCD_EP_GetRxCount
 .text.HAL_PCD_EP_Transmit
                0x0800083c       0x3c Drivers/STM32F1xx_HAL_Driver/Src/stm32f1xx_hal_pcd.o
                0x0800083c                HAL_PCD_EP_Transmit
 .text.PCD_EP_ISR_Handler
                0x08000878      0x46e Drivers/STM32F1xx_HAL_Driver/Src/stm32f1xx_hal_pcd.o
 .text.HAL_PCD_IRQHandler
                0x08000ce6      0x164 Drivers/STM32F1xx_HAL_Driver/Src/stm32f1xx_hal_pcd.o
                0x08000ce6                HAL_PCD_IRQHandler
 .text.HAL_PCD_EP_SetStall
                0x08000e4a       0x5c Drivers/STM32F1xx_HAL_Driver/Src/stm32f1xx_hal_pcd.o
                0x08000e4a                HAL_PCD_EP_SetStall
 .text.HAL_PCD_EP_ClrStall
                0x08000ea6       0x4e Drivers/STM32F1xx_HAL_Driver/Src/stm32f1xx_hal_pcd.o
                0x08000ea6                HAL_PCD_EP_ClrStall
 .text.HAL_PCDEx_PMAConfig
                0x08000ef4       0x30 Drivers/STM32F1xx_HAL_Driver/Src/stm32f1xx_hal_pcd_ex.o
                0x08000ef4                HAL_PCDEx_PMAConfig
 .text.RCC_Delay
                0x08000f24       0x2c Drivers/STM32F1xx_HAL_Driver/Src/stm32f1xx_hal_rcc.o
 .text.HAL_RCC_OscConfig
                0x08000f50      0x3e0 Drivers/STM32F1xx_HAL_Driver/Src/stm32f1xx_hal_rcc.o
                0x08000f50                HAL_RCC_OscConfig
 .text.HAL_RCC_GetSysClockFreq
                0x08001330       0x6c Drivers/STM32F1xx_HAL_Driver/Src/stm32f1xx_hal_rcc.o
                0x08001330                HAL_RCC_GetSysClockFreq
 .text.HAL_RCC_ClockConfig
                0x0800139c      0x178 Drivers/STM32F1xx_HAL_Driver/Src/stm32f1xx_hal_rcc.o
                0x0800139c                HAL_RCC_ClockConfig
 .text.HAL_RCC_GetHCLKFreq
                0x08001514        0xc Drivers/STM32F1xx_HAL_Driver/Src/stm32f1xx_hal_rcc.o
                0x08001514                HAL_RCC_GetHCLKFreq
 .text.HAL_RCC_GetPCLK2Freq
                0x08001520       0x20 Drivers/STM32F1xx_HAL_Driver/Src/stm32f1xx_hal_rcc.o
                0x08001520                HAL_RCC_GetPCLK2Freq
 .text.HAL_RCC_GetClockConfig
                0x08001540       0x3c Drivers/STM32F1xx_HAL_Driver/Src/stm32f1xx_hal_rcc.o
                0x08001540                HAL_RCC_GetClockConfig
 .text.HAL_RCCEx_PeriphCLKConfig
                0x0800157c      0x114 Drivers/STM32F1xx_HAL_Driver/Src/stm32f1xx_hal_rcc_ex.o
                0x0800157c                HAL_RCCEx_PeriphCLKConfig
 .text.HAL_TIM_Base_MspInit
                0x08001690        0x2 Drivers/STM32F1xx_HAL_Driver/Src/stm32f1xx_hal_tim.o
                0x08001690                HAL_TIM_Base_MspInit
 .text.HAL_TIM_Base_Start_IT
                0x08001692       0x18 Drivers/STM32F1xx_HAL_Driver/Src/stm32f1xx_hal_tim.o
                0x08001692                HAL_TIM_Base_Start_IT
 .text.HAL_TIM_OC_DelayElapsedCallback
                0x080016aa        0x2 Drivers/STM32F1xx_HAL_Driver/Src/stm32f1xx_hal_tim.o
                0x080016aa                HAL_TIM_OC_DelayElapsedCallback
 .text.HAL_TIM_IC_CaptureCallback
                0x080016ac        0x2 Drivers/STM32F1xx_HAL_Driver/Src/stm32f1xx_hal_tim.o
                0x080016ac                HAL_TIM_IC_CaptureCallback
 .text.HAL_TIM_PWM_PulseFinishedCallback
                0x080016ae        0x2 Drivers/STM32F1xx_HAL_Driver/Src/stm32f1xx_hal_tim.o
                0x080016ae                HAL_TIM_PWM_PulseFinishedCallback
 .text.HAL_TIM_TriggerCallback
                0x080016b0        0x2 Drivers/STM32F1xx_HAL_Driver/Src/stm32f1xx_hal_tim.o
                0x080016b0                HAL_TIM_TriggerCallback
 .text.HAL_TIM_IRQHandler
                0x080016b2      0x17a Drivers/STM32F1xx_HAL_Driver/Src/stm32f1xx_hal_tim.o
                0x080016b2                HAL_TIM_IRQHandler
 .text.TIM_Base_SetConfig
                0x0800182c       0x78 Drivers/STM32F1xx_HAL_Driver/Src/stm32f1xx_hal_tim.o
                0x0800182c                TIM_Base_SetConfig
 .text.HAL_TIM_Base_Init
                0x080018a4       0x32 Drivers/STM32F1xx_HAL_Driver/Src/stm32f1xx_hal_tim.o
                0x080018a4                HAL_TIM_Base_Init
 .text.HAL_TIMEx_CommutationCallback
                0x080018d6        0x2 Drivers/STM32F1xx_HAL_Driver/Src/stm32f1xx_hal_tim_ex.o
                0x080018d6                HAL_TIMEx_CommutationCallback
 .text.HAL_TIMEx_BreakCallback
                0x080018d8        0x2 Drivers/STM32F1xx_HAL_Driver/Src/stm32f1xx_hal_tim_ex.o
                0x080018d8                HAL_TIMEx_BreakCallback
 .text.USB_CoreInit
                0x080018da        0xe Drivers/STM32F1xx_HAL_Driver/Src/stm32f1xx_ll_usb.o
                0x080018da                USB_CoreInit
 .text.USB_EnableGlobalInt
                0x080018e8       0x12 Drivers/STM32F1xx_HAL_Driver/Src/stm32f1xx_ll_usb.o
                0x080018e8                USB_EnableGlobalInt
 .text.USB_DisableGlobalInt
                0x080018fa       0x14 Drivers/STM32F1xx_HAL_Driver/Src/stm32f1xx_ll_usb.o
                0x080018fa                USB_DisableGlobalInt
 .text.USB_SetCurrentMode
                0x0800190e        0x4 Drivers/STM32F1xx_HAL_Driver/Src/stm32f1xx_ll_usb.o
                0x0800190e                USB_SetCurrentMode
 .text.USB_DevInit
                0x08001912       0x2c Drivers/STM32F1xx_HAL_Driver/Src/stm32f1xx_ll_usb.o
                0x08001912                USB_DevInit
 .text.USB_ActivateEndpoint
                0x0800193e      0x332 Drivers/STM32F1xx_HAL_Driver/Src/stm32f1xx_ll_usb.o
                0x0800193e                USB_ActivateEndpoint
 .text.USB_DeactivateEndpoint
                0x08001c70      0x1c4 Drivers/STM32F1xx_HAL_Driver/Src/stm32f1xx_ll_usb.o
                0x08001c70                USB_DeactivateEndpoint
 .text.USB_EPSetStall
                0x08001e34       0x6e Drivers/STM32F1xx_HAL_Driver/Src/stm32f1xx_ll_usb.o
                0x08001e34                USB_EPSetStall
 .text.USB_EPClearStall
                0x08001ea2       0x92 Drivers/STM32F1xx_HAL_Driver/Src/stm32f1xx_ll_usb.o
                0x08001ea2                USB_EPClearStall
 .text.USB_SetDevAddress
                0x08001f34        0xc Drivers/STM32F1xx_HAL_Driver/Src/stm32f1xx_ll_usb.o
                0x08001f34                USB_SetDevAddress
 .text.USB_DevConnect
                0x08001f40        0x4 Drivers/STM32F1xx_HAL_Driver/Src/stm32f1xx_ll_usb.o
                0x08001f40                USB_DevConnect
 .text.USB_DevDisconnect
                0x08001f44        0x4 Drivers/STM32F1xx_HAL_Driver/Src/stm32f1xx_ll_usb.o
                0x08001f44                USB_DevDisconnect
 .text.USB_ReadInterrupts
                0x08001f48        0x8 Drivers/STM32F1xx_HAL_Driver/Src/stm32f1xx_ll_usb.o
                0x08001f48                USB_ReadInterrupts
 .text.USB_EP0_OutStart
                0x08001f50        0x4 Drivers/STM32F1xx_HAL_Driver/Src/stm32f1xx_ll_usb.o
                0x08001f50                USB_EP0_OutStart
 .text.USB_WritePMA
                0x08001f54       0x2a Drivers/STM32F1xx_HAL_Driver/Src/stm32f1xx_ll_usb.o
                0x08001f54                USB_WritePMA
 .text.USB_EPStartXfer
                0x08001f7e      0x2cc Drivers/STM32F1xx_HAL_Driver/Src/stm32f1xx_ll_usb.o
                0x08001f7e                USB_EPStartXfer
 .text.USB_ReadPMA
                0x0800224a       0x1e Drivers/STM32F1xx_HAL_Driver/Src/stm32f1xx_ll_usb.o
                0x0800224a                USB_ReadPMA
 .text.USBD_CDC_DataIn
                0x08002268       0x12 Middlewares/ST/STM32_USB_Device_Library/Class/CDC/Src/usbd_cdc.o
 .text.USBD_CDC_EP0_RxReady
                0x0800227a       0x28 Middlewares/ST/STM32_USB_Device_Library/Class/CDC/Src/usbd_cdc.o
 *fill*         0x080022a2        0x2 
 .text.USBD_CDC_GetFSCfgDesc
                0x080022a4        0xc Middlewares/ST/STM32_USB_Device_Library/Class/CDC/Src/usbd_cdc.o
 .text.USBD_CDC_GetHSCfgDesc
                0x080022b0        0xc Middlewares/ST/STM32_USB_Device_Library/Class/CDC/Src/usbd_cdc.o
 .text.USBD_CDC_GetOtherSpeedCfgDesc
                0x080022bc        0xc Middlewares/ST/STM32_USB_Device_Library/Class/CDC/Src/usbd_cdc.o
 .text.USBD_CDC_GetDeviceQualifierDescriptor
                0x080022c8        0xc Middlewares/ST/STM32_USB_Device_Library/Class/CDC/Src/usbd_cdc.o
                0x080022c8                USBD_CDC_GetDeviceQualifierDescriptor
 .text.USBD_CDC_DataOut
                0x080022d4       0x2e Middlewares/ST/STM32_USB_Device_Library/Class/CDC/Src/usbd_cdc.o
 *fill*         0x08002302        0x2 
 .text.USBD_CDC_Setup
                0x08002304       0x74 Middlewares/ST/STM32_USB_Device_Library/Class/CDC/Src/usbd_cdc.o
 .text.USBD_CDC_DeInit
                0x08002378       0x3a Middlewares/ST/STM32_USB_Device_Library/Class/CDC/Src/usbd_cdc.o
 .text.USBD_CDC_Init
                0x080023b2       0x96 Middlewares/ST/STM32_USB_Device_Library/Class/CDC/Src/usbd_cdc.o
 .text.USBD_CDC_RegisterInterface
                0x08002448        0xe Middlewares/ST/STM32_USB_Device_Library/Class/CDC/Src/usbd_cdc.o
                0x08002448                USBD_CDC_RegisterInterface
 .text.USBD_CDC_SetTxBuffer
                0x08002456       0x10 Middlewares/ST/STM32_USB_Device_Library/Class/CDC/Src/usbd_cdc.o
                0x08002456                USBD_CDC_SetTxBuffer
 .text.USBD_CDC_SetRxBuffer
                0x08002466        0xc Middlewares/ST/STM32_USB_Device_Library/Class/CDC/Src/usbd_cdc.o
                0x08002466                USBD_CDC_SetRxBuffer
 .text.USBD_CDC_TransmitPacket
                0x08002472       0x2e Middlewares/ST/STM32_USB_Device_Library/Class/CDC/Src/usbd_cdc.o
                0x08002472                USBD_CDC_TransmitPacket
 .text.USBD_CDC_ReceivePacket
                0x080024a0       0x32 Middlewares/ST/STM32_USB_Device_Library/Class/CDC/Src/usbd_cdc.o
                0x080024a0                USBD_CDC_ReceivePacket
 .text.USBD_Init
                0x080024d2       0x2e Middlewares/ST/STM32_USB_Device_Library/Core/Src/usbd_core.o
                0x080024d2                USBD_Init
 .text.USBD_RegisterClass
                0x08002500        0xe Middlewares/ST/STM32_USB_Device_Library/Core/Src/usbd_core.o
                0x08002500                USBD_RegisterClass
 .text.USBD_Start
                0x0800250e        0xa Middlewares/ST/STM32_USB_Device_Library/Core/Src/usbd_core.o
                0x0800250e                USBD_Start
 .text.USBD_SetClassConfig
                0x08002518       0x1a Middlewares/ST/STM32_USB_Device_Library/Core/Src/usbd_core.o
                0x08002518                USBD_SetClassConfig
 .text.USBD_ClrClassConfig
                0x08002532        0xe Middlewares/ST/STM32_USB_Device_Library/Core/Src/usbd_core.o
                0x08002532                USBD_ClrClassConfig
 .text.USBD_LL_SetupStage
                0x08002540       0x5a Middlewares/ST/STM32_USB_Device_Library/Core/Src/usbd_core.o
                0x08002540                USBD_LL_SetupStage
 .text.USBD_LL_DataOutStage
                0x0800259a       0x6a Middlewares/ST/STM32_USB_Device_Library/Core/Src/usbd_core.o
                0x0800259a                USBD_LL_DataOutStage
 .text.USBD_LL_DataInStage
                0x08002604       0xb2 Middlewares/ST/STM32_USB_Device_Library/Core/Src/usbd_core.o
                0x08002604                USBD_LL_DataInStage
 .text.USBD_LL_Reset
                0x080026b6       0x3e Middlewares/ST/STM32_USB_Device_Library/Core/Src/usbd_core.o
                0x080026b6                USBD_LL_Reset
 .text.USBD_LL_SetSpeed
                0x080026f4        0x6 Middlewares/ST/STM32_USB_Device_Library/Core/Src/usbd_core.o
                0x080026f4                USBD_LL_SetSpeed
 .text.USBD_LL_Suspend
                0x080026fa       0x12 Middlewares/ST/STM32_USB_Device_Library/Core/Src/usbd_core.o
                0x080026fa                USBD_LL_Suspend
 .text.USBD_LL_Resume
                0x0800270c        0xc Middlewares/ST/STM32_USB_Device_Library/Core/Src/usbd_core.o
                0x0800270c                USBD_LL_Resume
 .text.USBD_LL_SOF
                0x08002718       0x1c Middlewares/ST/STM32_USB_Device_Library/Core/Src/usbd_core.o
                0x08002718                USBD_LL_SOF
 .text.USBD_GetLen
                0x08002734       0x14 Middlewares/ST/STM32_USB_Device_Library/Core/Src/usbd_ctlreq.o
 .text.USBD_SetFeature
                0x08002748       0x20 Middlewares/ST/STM32_USB_Device_Library/Core/Src/usbd_ctlreq.o
 .text.USBD_ParseSetupRequest
                0x08002768       0x28 Middlewares/ST/STM32_USB_Device_Library/Core/Src/usbd_ctlreq.o
                0x08002768                USBD_ParseSetupRequest
 .text.USBD_CtlError
                0x08002790       0x14 Middlewares/ST/STM32_USB_Device_Library/Core/Src/usbd_ctlreq.o
                0x08002790                USBD_CtlError
 .text.USBD_GetDescriptor
                0x080027a4      0x132 Middlewares/ST/STM32_USB_Device_Library/Core/Src/usbd_ctlreq.o
 .text.USBD_SetAddress
                0x080028d6       0x4a Middlewares/ST/STM32_USB_Device_Library/Core/Src/usbd_ctlreq.o
 .text.USBD_SetConfig
                0x08002920       0xa4 Middlewares/ST/STM32_USB_Device_Library/Core/Src/usbd_ctlreq.o
 .text.USBD_GetConfig
                0x080029c4       0x3a Middlewares/ST/STM32_USB_Device_Library/Core/Src/usbd_ctlreq.o
 .text.USBD_GetStatus
                0x080029fe       0x2c Middlewares/ST/STM32_USB_Device_Library/Core/Src/usbd_ctlreq.o
 .text.USBD_ClrFeature
                0x08002a2a       0x32 Middlewares/ST/STM32_USB_Device_Library/Core/Src/usbd_ctlreq.o
 .text.USBD_StdDevReq
                0x08002a5c       0x48 Middlewares/ST/STM32_USB_Device_Library/Core/Src/usbd_ctlreq.o
                0x08002a5c                USBD_StdDevReq
 .text.USBD_StdItfReq
                0x08002aa4       0x38 Middlewares/ST/STM32_USB_Device_Library/Core/Src/usbd_ctlreq.o
                0x08002aa4                USBD_StdItfReq
 .text.USBD_StdEPReq
                0x08002adc      0x118 Middlewares/ST/STM32_USB_Device_Library/Core/Src/usbd_ctlreq.o
                0x08002adc                USBD_StdEPReq
 .text.USBD_GetString
                0x08002bf4       0x3a Middlewares/ST/STM32_USB_Device_Library/Core/Src/usbd_ctlreq.o
                0x08002bf4                USBD_GetString
 .text.USBD_CtlSendData
                0x08002c2e       0x1a Middlewares/ST/STM32_USB_Device_Library/Core/Src/usbd_ioreq.o
                0x08002c2e                USBD_CtlSendData
 .text.USBD_CtlContinueSendData
                0x08002c48       0x10 Middlewares/ST/STM32_USB_Device_Library/Core/Src/usbd_ioreq.o
                0x08002c48                USBD_CtlContinueSendData
 .text.USBD_CtlPrepareRx
                0x08002c58       0x1e Middlewares/ST/STM32_USB_Device_Library/Core/Src/usbd_ioreq.o
                0x08002c58                USBD_CtlPrepareRx
 .text.USBD_CtlContinueRx
                0x08002c76       0x10 Middlewares/ST/STM32_USB_Device_Library/Core/Src/usbd_ioreq.o
                0x08002c76                USBD_CtlContinueRx
 .text.USBD_CtlSendStatus
                0x08002c86       0x16 Middlewares/ST/STM32_USB_Device_Library/Core/Src/usbd_ioreq.o
                0x08002c86                USBD_CtlSendStatus
 .text.USBD_CtlReceiveStatus
                0x08002c9c       0x16 Middlewares/ST/STM32_USB_Device_Library/Core/Src/usbd_ioreq.o
                0x08002c9c                USBD_CtlReceiveStatus
 *fill*         0x08002cb2        0x2 
 .text.MX_GPIO_Init
                0x08002cb4       0x6c Src/main.o
 .text.HAL_TIM_PeriodElapsedCallback
                0x08002d20       0x18 Src/main.o
                0x08002d20                HAL_TIM_PeriodElapsedCallback
 .text._Error_Handler
                0x08002d38        0x2 Src/main.o
                0x08002d38                _Error_Handler
 *fill*         0x08002d3a        0x2 
 .text.SystemClock_Config
                0x08002d3c       0x9c Src/main.o
                0x08002d3c                SystemClock_Config
 .text.main     0x08002dd8       0x2c Src/main.o
                0x08002dd8                main
 .text.HAL_MspInit
                0x08002e04       0x90 Src/stm32f1xx_hal_msp.o
                0x08002e04                HAL_MspInit
 .text.HAL_InitTick
                0x08002e94       0x78 Src/stm32f1xx_hal_timebase_TIM.o
                0x08002e94                HAL_InitTick
 .text.NMI_Handler
                0x08002f0c        0x2 Src/stm32f1xx_it.o
                0x08002f0c                NMI_Handler
 .text.HardFault_Handler
                0x08002f0e        0x2 Src/stm32f1xx_it.o
                0x08002f0e                HardFault_Handler
 .text.MemManage_Handler
                0x08002f10        0x2 Src/stm32f1xx_it.o
                0x08002f10                MemManage_Handler
 .text.BusFault_Handler
                0x08002f12        0x2 Src/stm32f1xx_it.o
                0x08002f12                BusFault_Handler
 .text.UsageFault_Handler
                0x08002f14        0x2 Src/stm32f1xx_it.o
                0x08002f14                UsageFault_Handler
 .text.SVC_Handler
                0x08002f16        0x2 Src/stm32f1xx_it.o
                0x08002f16                SVC_Handler
 .text.DebugMon_Handler
                0x08002f18        0x2 Src/stm32f1xx_it.o
                0x08002f18                DebugMon_Handler
 .text.PendSV_Handler
                0x08002f1a        0x2 Src/stm32f1xx_it.o
                0x08002f1a                PendSV_Handler
 .text.SysTick_Handler
                0x08002f1c        0x8 Src/stm32f1xx_it.o
                0x08002f1c                SysTick_Handler
 .text.USB_LP_CAN1_RX0_IRQHandler
                0x08002f24       0x10 Src/stm32f1xx_it.o
                0x08002f24                USB_LP_CAN1_RX0_IRQHandler
 .text.TIM1_UP_IRQHandler
                0x08002f34       0x10 Src/stm32f1xx_it.o
                0x08002f34                TIM1_UP_IRQHandler
 .text.SystemInit
                0x08002f44       0x4c Src/system_stm32f1xx.o
                0x08002f44                SystemInit
 .text.MX_USB_DEVICE_Init
                0x08002f90       0x38 Src/usb_device.o
                0x08002f90                MX_USB_DEVICE_Init
 .text.CDC_DeInit_FS
                0x08002fc8        0x4 Src/usbd_cdc_if.o
 .text.CDC_Control_FS
                0x08002fcc        0x4 Src/usbd_cdc_if.o
 .text.CDC_Receive_FS
                0x08002fd0       0x64 Src/usbd_cdc_if.o
 .text.CDC_Init_FS
                0x08003034       0x2c Src/usbd_cdc_if.o
 .text.CDC_Transmit_FS
                0x08003060       0x2c Src/usbd_cdc_if.o
                0x08003060                CDC_Transmit_FS
 .text.HAL_PCD_MspInit
                0x0800308c       0x40 Src/usbd_conf.o
                0x0800308c                HAL_PCD_MspInit
 .text.HAL_PCD_SetupStageCallback
                0x080030cc       0x10 Src/usbd_conf.o
                0x080030cc                HAL_PCD_SetupStageCallback
 .text.HAL_PCD_DataOutStageCallback
                0x080030dc       0x14 Src/usbd_conf.o
                0x080030dc                HAL_PCD_DataOutStageCallback
 .text.HAL_PCD_DataInStageCallback
                0x080030f0       0x12 Src/usbd_conf.o
                0x080030f0                HAL_PCD_DataInStageCallback
 .text.HAL_PCD_SOFCallback
                0x08003102        0xc Src/usbd_conf.o
                0x08003102                HAL_PCD_SOFCallback
 .text.HAL_PCD_ResetCallback
                0x0800310e       0x18 Src/usbd_conf.o
                0x0800310e                HAL_PCD_ResetCallback
 *fill*         0x08003126        0x2 
 .text.HAL_PCD_SuspendCallback
                0x08003128       0x20 Src/usbd_conf.o
                0x08003128                HAL_PCD_SuspendCallback
 .text.HAL_PCD_ResumeCallback
                0x08003148        0xc Src/usbd_conf.o
                0x08003148                HAL_PCD_ResumeCallback
 .text.USBD_LL_Init
                0x08003154       0x94 Src/usbd_conf.o
                0x08003154                USBD_LL_Init
 .text.USBD_LL_Start
                0x080031e8       0x1c Src/usbd_conf.o
                0x080031e8                USBD_LL_Start
 .text.USBD_LL_OpenEP
                0x08003204       0x22 Src/usbd_conf.o
                0x08003204                USBD_LL_OpenEP
 .text.USBD_LL_CloseEP
                0x08003226       0x1c Src/usbd_conf.o
                0x08003226                USBD_LL_CloseEP
 .text.USBD_LL_StallEP
                0x08003242       0x1c Src/usbd_conf.o
                0x08003242                USBD_LL_StallEP
 .text.USBD_LL_ClearStallEP
                0x0800325e       0x1c Src/usbd_conf.o
                0x0800325e                USBD_LL_ClearStallEP
 .text.USBD_LL_IsStallEP
                0x0800327a       0x26 Src/usbd_conf.o
                0x0800327a                USBD_LL_IsStallEP
 .text.USBD_LL_SetUSBAddress
                0x080032a0       0x1c Src/usbd_conf.o
                0x080032a0                USBD_LL_SetUSBAddress
 .text.USBD_LL_Transmit
                0x080032bc       0x1c Src/usbd_conf.o
                0x080032bc                USBD_LL_Transmit
 .text.USBD_LL_PrepareReceive
                0x080032d8       0x1c Src/usbd_conf.o
                0x080032d8                USBD_LL_PrepareReceive
 .text.USBD_LL_GetRxDataSize
                0x080032f4        0xc Src/usbd_conf.o
                0x080032f4                USBD_LL_GetRxDataSize
 .text.USBD_static_malloc
                0x08003300        0x8 Src/usbd_conf.o
                0x08003300                USBD_static_malloc
 .text.USBD_static_free
                0x08003308        0x2 Src/usbd_conf.o
                0x08003308                USBD_static_free
 .text.HAL_PCDEx_SetConnectionState
                0x0800330a        0x2 Src/usbd_conf.o
                0x0800330a                HAL_PCDEx_SetConnectionState
 .text.USBD_FS_DeviceDescriptor
                0x0800330c        0xc Src/usbd_desc.o
                0x0800330c                USBD_FS_DeviceDescriptor
 .text.USBD_FS_LangIDStrDescriptor
                0x08003318        0xc Src/usbd_desc.o
                0x08003318                USBD_FS_LangIDStrDescriptor
 .text.USBD_FS_ProductStrDescriptor
                0x08003324       0x24 Src/usbd_desc.o
                0x08003324                USBD_FS_ProductStrDescriptor
 .text.USBD_FS_ManufacturerStrDescriptor
                0x08003348       0x1c Src/usbd_desc.o
                0x08003348                USBD_FS_ManufacturerStrDescriptor
 .text.USBD_FS_SerialStrDescriptor
                0x08003364       0x24 Src/usbd_desc.o
                0x08003364                USBD_FS_SerialStrDescriptor
 .text.USBD_FS_ConfigStrDescriptor
                0x08003388       0x24 Src/usbd_desc.o
                0x08003388                USBD_FS_ConfigStrDescriptor
 .text.USBD_FS_InterfaceStrDescriptor
                0x080033ac       0x24 Src/usbd_desc.o
                0x080033ac                USBD_FS_InterfaceStrDescriptor
 .text._ZN3ros16normalizeSecNSecERmS0_
                0x080033d0       0x2c ros_lib/time.o
                0x080033d0                ros::normalizeSecNSec(unsigned long&, unsigned long&)
 .text.Reset_Handler
                0x080033fc       0x48 startup/startup_stm32f103xb.o
                0x080033fc                Reset_Handler
 .text.Default_Handler
                0x08003444        0x2 startup/startup_stm32f103xb.o
                0x08003444                RTC_Alarm_IRQHandler
                0x08003444                EXTI2_IRQHandler
                0x08003444                TIM1_CC_IRQHandler
                0x08003444                PVD_IRQHandler
                0x08003444                EXTI3_IRQHandler
                0x08003444                EXTI0_IRQHandler
                0x08003444                I2C2_EV_IRQHandler
                0x08003444                ADC1_2_IRQHandler
                0x08003444                SPI1_IRQHandler
                0x08003444                TAMPER_IRQHandler
                0x08003444                DMA1_Channel4_IRQHandler
                0x08003444                USART3_IRQHandler
                0x08003444                RTC_IRQHandler
                0x08003444                DMA1_Channel7_IRQHandler
                0x08003444                CAN1_RX1_IRQHandler
                0x08003444                TIM4_IRQHandler
                0x08003444                I2C1_EV_IRQHandler
                0x08003444                DMA1_Channel6_IRQHandler
                0x08003444                TIM3_IRQHandler
                0x08003444                RCC_IRQHandler
                0x08003444                TIM1_TRG_COM_IRQHandler
                0x08003444                DMA1_Channel1_IRQHandler
                0x08003444                Default_Handler
                0x08003444                EXTI15_10_IRQHandler
                0x08003444                EXTI9_5_IRQHandler
                0x08003444                SPI2_IRQHandler
                0x08003444                DMA1_Channel5_IRQHandler
                0x08003444                EXTI4_IRQHandler
                0x08003444                USB_HP_CAN1_TX_IRQHandler
                0x08003444                DMA1_Channel3_IRQHandler
                0x08003444                WWDG_IRQHandler
                0x08003444                TIM2_IRQHandler
                0x08003444                TIM1_BRK_IRQHandler
                0x08003444                EXTI1_IRQHandler
                0x08003444                USART2_IRQHandler
                0x08003444                I2C2_ER_IRQHandler
                0x08003444                DMA1_Channel2_IRQHandler
                0x08003444                CAN1_SCE_IRQHandler
                0x08003444                FLASH_IRQHandler
                0x08003444                USART1_IRQHandler
                0x08003444                I2C1_ER_IRQHandler
                0x08003444                USBWakeUp_IRQHandler
 .text._ZNK8std_msgs4Time9serializeEPh
                0x08003446       0x24 usr/cpp_main.o
                0x08003446                std_msgs::Time::serialize(unsigned char*) const
 .text._ZN8std_msgs4Time11deserializeEPh
                0x0800346a       0x3c usr/cpp_main.o
                0x0800346a                std_msgs::Time::deserialize(unsigned char*)
 *fill*         0x080034a6        0x2 
 .text._ZN8std_msgs4Time7getTypeEv
                0x080034a8        0x8 usr/cpp_main.o
                0x080034a8                std_msgs::Time::getType()
 .text._ZN8std_msgs4Time6getMD5Ev
                0x080034b0        0x8 usr/cpp_main.o
                0x080034b0                std_msgs::Time::getMD5()
 .text._ZN14rosserial_msgs9TopicInfo11deserializeEPh
                0x080034b8       0xca usr/cpp_main.o
                0x080034b8                rosserial_msgs::TopicInfo::deserialize(unsigned char*)
 *fill*         0x08003582        0x2 
 .text._ZN14rosserial_msgs9TopicInfo7getTypeEv
                0x08003584        0x8 usr/cpp_main.o
                0x08003584                rosserial_msgs::TopicInfo::getType()
 .text._ZN14rosserial_msgs9TopicInfo6getMD5Ev
                0x0800358c        0x8 usr/cpp_main.o
                0x0800358c                rosserial_msgs::TopicInfo::getMD5()
 .text._ZN14rosserial_msgs3Log11deserializeEPh
                0x08003594       0x40 usr/cpp_main.o
                0x08003594                rosserial_msgs::Log::deserialize(unsigned char*)
 .text._ZN14rosserial_msgs3Log7getTypeEv
                0x080035d4        0x8 usr/cpp_main.o
                0x080035d4                rosserial_msgs::Log::getType()
 .text._ZN14rosserial_msgs3Log6getMD5Ev
                0x080035dc        0x8 usr/cpp_main.o
                0x080035dc                rosserial_msgs::Log::getMD5()
 .text._ZN14rosserial_msgs20RequestParamResponse7getTypeEv
                0x080035e4        0x8 usr/cpp_main.o
                0x080035e4                rosserial_msgs::RequestParamResponse::getType()
 .text._ZN14rosserial_msgs20RequestParamResponse6getMD5Ev
                0x080035ec        0x8 usr/cpp_main.o
                0x080035ec                rosserial_msgs::RequestParamResponse::getMD5()
 .text._ZN8std_msgs6String11deserializeEPh
                0x080035f4       0x38 usr/cpp_main.o
                0x080035f4                std_msgs::String::deserialize(unsigned char*)
 .text._ZN8std_msgs6String7getTypeEv
                0x0800362c        0x8 usr/cpp_main.o
                0x0800362c                std_msgs::String::getType()
 .text._ZN8std_msgs6String6getMD5Ev
                0x08003634        0x8 usr/cpp_main.o
                0x08003634                std_msgs::String::getMD5()
 .text._ZN13geometry_msgs7Vector37getTypeEv
                0x0800363c        0x8 usr/cpp_main.o
                0x0800363c                geometry_msgs::Vector3::getType()
 .text._ZN13geometry_msgs7Vector36getMD5Ev
                0x08003644        0x8 usr/cpp_main.o
                0x08003644                geometry_msgs::Vector3::getMD5()
 .text._ZN13geometry_msgs5Twist7getTypeEv
                0x0800364c        0x8 usr/cpp_main.o
                0x0800364c                geometry_msgs::Twist::getType()
 .text._ZN13geometry_msgs5Twist6getMD5Ev
                0x08003654        0x8 usr/cpp_main.o
                0x08003654                geometry_msgs::Twist::getMD5()
 .text.messageCb
                0x0800365c        0x2 usr/cpp_main.o
                0x0800365c                messageCb
 *fill*         0x0800365e        0x2 
 .text._Z41__static_initialization_and_destruction_0ii
                0x08003660      0x120 usr/cpp_main.o
 .text._ZN3ros10SubscriberIN13geometry_msgs5TwistEvE15getEndpointTypeEv
                0x08003780        0x4 usr/cpp_main.o
                0x08003780                ros::Subscriber<geometry_msgs::Twist, void>::getEndpointType()
 .text._ZN3ros10SubscriberIN13geometry_msgs5TwistEvE10getMsgTypeEv
                0x08003784        0x8 usr/cpp_main.o
                0x08003784                ros::Subscriber<geometry_msgs::Twist, void>::getMsgType()
 .text._ZN3ros10SubscriberIN13geometry_msgs5TwistEvE9getMsgMD5Ev
                0x0800378c        0x8 usr/cpp_main.o
                0x0800378c                ros::Subscriber<geometry_msgs::Twist, void>::getMsgMD5()
 .text._ZN3ros11NodeHandle_I13STM32HardwareLi5ELi5ELi100ELi100EE9connectedEv
                0x08003794        0x6 usr/cpp_main.o
                0x08003794                ros::NodeHandle_<STM32Hardware, 5, 5, 100, 100>::connected()
 .text._ZNK14rosserial_msgs9TopicInfo9serializeEPh
                0x0800379a       0xaa usr/cpp_main.o
                0x0800379a                rosserial_msgs::TopicInfo::serialize(unsigned char*) const
 .text._ZNK14rosserial_msgs3Log9serializeEPh
                0x08003844       0x34 usr/cpp_main.o
                0x08003844                rosserial_msgs::Log::serialize(unsigned char*) const
 .text._ZNK14rosserial_msgs20RequestParamResponse9serializeEPh
                0x08003878       0xf0 usr/cpp_main.o
                0x08003878                rosserial_msgs::RequestParamResponse::serialize(unsigned char*) const
 .text._ZNK8std_msgs6String9serializeEPh
                0x08003968       0x2e usr/cpp_main.o
                0x08003968                std_msgs::String::serialize(unsigned char*) const
 .text._ZN14rosserial_msgs20RequestParamResponse11deserializeEPh
                0x08003996      0x144 usr/cpp_main.o
                0x08003996                rosserial_msgs::RequestParamResponse::deserialize(unsigned char*)
 *fill*         0x08003ada        0x2 
 .text._ZN3ros11NodeHandle_I13STM32HardwareLi5ELi5ELi100ELi100EE7publishEiPKNS_3MsgE
                0x08003adc       0xbc usr/cpp_main.o
                0x08003adc                ros::NodeHandle_<STM32Hardware, 5, 5, 100, 100>::publish(int, ros::Msg const*)
 .text._ZNK13geometry_msgs5Twist9serializeEPh
                0x08003b98      0x1d8 usr/cpp_main.o
                0x08003b98                geometry_msgs::Twist::serialize(unsigned char*) const
 .text._ZNK13geometry_msgs7Vector39serializeEPh
                0x08003d70       0xe6 usr/cpp_main.o
                0x08003d70                geometry_msgs::Vector3::serialize(unsigned char*) const
 .text._ZN3ros10SubscriberIN13geometry_msgs5TwistEvE8callbackEPh
                0x08003e56      0x1e2 usr/cpp_main.o
                0x08003e56                ros::Subscriber<geometry_msgs::Twist, void>::callback(unsigned char*)
 .text._ZN13geometry_msgs5Twist11deserializeEPh
                0x08004038      0x1da usr/cpp_main.o
                0x08004038                geometry_msgs::Twist::deserialize(unsigned char*)
 .text._ZN13geometry_msgs7Vector311deserializeEPh
                0x08004212       0xec usr/cpp_main.o
                0x08004212                geometry_msgs::Vector3::deserialize(unsigned char*)
 *fill*         0x080042fe        0x2 
 .text._ZN3ros11NodeHandle_I13STM32HardwareLi5ELi5ELi100ELi100EE8spinOnceEv
                0x08004300      0x560 usr/cpp_main.o
                0x08004300                ros::NodeHandle_<STM32Hardware, 5, 5, 100, 100>::spinOnce()
 .text.cdc_receive_put
                0x08004860       0x10 usr/cpp_main.o
                0x08004860                cdc_receive_put
 .text.init_ROS
                0x08004870       0xa0 usr/cpp_main.o
                0x08004870                init_ROS
 .text.version_handler
                0x08004910       0x40 usr/cpp_main.o
                0x08004910                version_handler
 .text._ZN3ros11NodeHandle_I13STM32HardwareLi5ELi5ELi100ELi100EE15negotiateTopicsEv
                0x08004950       0xe0 usr/cpp_main.o
                0x08004950                ros::NodeHandle_<STM32Hardware, 5, 5, 100, 100>::negotiateTopics()
 .text.spinOnce
                0x08004a30      0x4f0 usr/cpp_main.o
                0x08004a30                spinOnce
 .text._GLOBAL__sub_I_rb
                0x08004f20        0xe usr/cpp_main.o
 *fill*         0x08004f2e        0x2 
 .text.ledStatus_handler
                0x08004f30       0x20 usr/ledStatus.o
                0x08004f30                ledStatus_handler
 .text._Z8NBT_initP5nbt_tm
                0x08004f50        0xe usr/nbt.o
                0x08004f50                NBT_init(nbt_t*, unsigned long)
 .text._Z11NBT_handlerP5nbt_t
                0x08004f5e       0x20 usr/nbt.o
                0x08004f5e                NBT_handler(nbt_t*)
 .text._Z19ringbuffer_data_lenP10ringbuffer
                0x08004f7e       0x52 usr/ringbuffer.o
                0x08004f7e                ringbuffer_data_len(ringbuffer*)
 .text._Z18ringbuffer_putcharP10ringbufferh
                0x08004fd0       0x5a usr/ringbuffer.o
                0x08004fd0                ringbuffer_putchar(ringbuffer*, unsigned char)
 .text._Z18ringbuffer_getcharP10ringbufferPh
                0x0800502a       0x56 usr/ringbuffer.o
                0x0800502a                ringbuffer_getchar(ringbuffer*, unsigned char*)
 .text._Z15ringbuffer_initP10ringbufferPhs
                0x08005080       0x22 usr/ringbuffer.o
                0x08005080                ringbuffer_init(ringbuffer*, unsigned char*, short)
 *fill*         0x080050a2        0x2 
 .text.__errno  0x080050a4        0xc c:/ac6/systemworkbench/plugins/fr.ac6.mcu.externaltools.arm-none.win32_1.15.0.201708311556/tools/compiler/bin/../lib/gcc/arm-none-eabi/6.3.1/../../../../arm-none-eabi/lib/thumb/v7-m\libc_nano.a(lib_a-errno.o)
                0x080050a4                __errno
 .text.__libc_init_array
                0x080050b0       0x48 c:/ac6/systemworkbench/plugins/fr.ac6.mcu.externaltools.arm-none.win32_1.15.0.201708311556/tools/compiler/bin/../lib/gcc/arm-none-eabi/6.3.1/../../../../arm-none-eabi/lib/thumb/v7-m\libc_nano.a(lib_a-init.o)
                0x080050b0                __libc_init_array
 .text.memcpy   0x080050f8       0x16 c:/ac6/systemworkbench/plugins/fr.ac6.mcu.externaltools.arm-none.win32_1.15.0.201708311556/tools/compiler/bin/../lib/gcc/arm-none-eabi/6.3.1/../../../../arm-none-eabi/lib/thumb/v7-m\libc_nano.a(lib_a-memcpy-stub.o)
                0x080050f8                memcpy
 *fill*         0x0800510e        0x2 
 .text._malloc_r
                0x08005110       0xbc c:/ac6/systemworkbench/plugins/fr.ac6.mcu.externaltools.arm-none.win32_1.15.0.201708311556/tools/compiler/bin/../lib/gcc/arm-none-eabi/6.3.1/../../../../arm-none-eabi/lib/thumb/v7-m\libc_nano.a(lib_a-nano-mallocr.o)
                0x08005110                _malloc_r
 .text.realloc  0x080051cc       0x10 c:/ac6/systemworkbench/plugins/fr.ac6.mcu.externaltools.arm-none.win32_1.15.0.201708311556/tools/compiler/bin/../lib/gcc/arm-none-eabi/6.3.1/../../../../arm-none-eabi/lib/thumb/v7-m\libc_nano.a(lib_a-realloc.o)
                0x080051cc                realloc
 .text._sbrk_r  0x080051dc       0x20 c:/ac6/systemworkbench/plugins/fr.ac6.mcu.externaltools.arm-none.win32_1.15.0.201708311556/tools/compiler/bin/../lib/gcc/arm-none-eabi/6.3.1/../../../../arm-none-eabi/lib/thumb/v7-m\libc_nano.a(lib_a-sbrkr.o)
                0x080051dc                _sbrk_r
 .text.__malloc_lock
                0x080051fc        0x2 c:/ac6/systemworkbench/plugins/fr.ac6.mcu.externaltools.arm-none.win32_1.15.0.201708311556/tools/compiler/bin/../lib/gcc/arm-none-eabi/6.3.1/../../../../arm-none-eabi/lib/thumb/v7-m\libc_nano.a(lib_a-mlock.o)
                0x080051fc                __malloc_lock
 .text.__malloc_unlock
                0x080051fe        0x2 c:/ac6/systemworkbench/plugins/fr.ac6.mcu.externaltools.arm-none.win32_1.15.0.201708311556/tools/compiler/bin/../lib/gcc/arm-none-eabi/6.3.1/../../../../arm-none-eabi/lib/thumb/v7-m\libc_nano.a(lib_a-mlock.o)
                0x080051fe                __malloc_unlock
 .text._free_r  0x08005200       0x98 c:/ac6/systemworkbench/plugins/fr.ac6.mcu.externaltools.arm-none.win32_1.15.0.201708311556/tools/compiler/bin/../lib/gcc/arm-none-eabi/6.3.1/../../../../arm-none-eabi/lib/thumb/v7-m\libc_nano.a(lib_a-nano-freer.o)
                0x08005200                _free_r
 .text._realloc_r
                0x08005298       0x4c c:/ac6/systemworkbench/plugins/fr.ac6.mcu.externaltools.arm-none.win32_1.15.0.201708311556/tools/compiler/bin/../lib/gcc/arm-none-eabi/6.3.1/../../../../arm-none-eabi/lib/thumb/v7-m\libc_nano.a(lib_a-nano-reallocr.o)
                0x08005298                _realloc_r
 .text._malloc_usable_size_r
                0x080052e4       0x12 c:/ac6/systemworkbench/plugins/fr.ac6.mcu.externaltools.arm-none.win32_1.15.0.201708311556/tools/compiler/bin/../lib/gcc/arm-none-eabi/6.3.1/../../../../arm-none-eabi/lib/thumb/v7-m\libc_nano.a(lib_a-nano-msizer.o)
                0x080052e4                _malloc_usable_size_r
 *(.glue_7)
 .glue_7        0x080052f6        0x0 linker stubs
 *(.glue_7t)
 .glue_7t       0x080052f6        0x0 linker stubs
 *(.eh_frame)
 *fill*         0x080052f6        0x2 
 .eh_frame      0x080052f8        0x0 c:/ac6/systemworkbench/plugins/fr.ac6.mcu.externaltools.arm-none.win32_1.15.0.201708311556/tools/compiler/bin/../lib/gcc/arm-none-eabi/6.3.1/thumb/v7-m/crtbegin.o
 *(.init)
 .init          0x080052f8        0x4 c:/ac6/systemworkbench/plugins/fr.ac6.mcu.externaltools.arm-none.win32_1.15.0.201708311556/tools/compiler/bin/../lib/gcc/arm-none-eabi/6.3.1/thumb/v7-m/crti.o
                0x080052f8                _init
 .init          0x080052fc        0x8 c:/ac6/systemworkbench/plugins/fr.ac6.mcu.externaltools.arm-none.win32_1.15.0.201708311556/tools/compiler/bin/../lib/gcc/arm-none-eabi/6.3.1/thumb/v7-m/crtn.o
 *(.fini)
 .fini          0x08005304        0x4 c:/ac6/systemworkbench/plugins/fr.ac6.mcu.externaltools.arm-none.win32_1.15.0.201708311556/tools/compiler/bin/../lib/gcc/arm-none-eabi/6.3.1/thumb/v7-m/crti.o
                0x08005304                _fini
 .fini          0x08005308        0x8 c:/ac6/systemworkbench/plugins/fr.ac6.mcu.externaltools.arm-none.win32_1.15.0.201708311556/tools/compiler/bin/../lib/gcc/arm-none-eabi/6.3.1/thumb/v7-m/crtn.o
                0x08005310                . = ALIGN (0x4)
                0x08005310                _etext = .

.vfp11_veneer   0x08005310        0x0
 .vfp11_veneer  0x08005310        0x0 linker stubs

.v4_bx          0x08005310        0x0
 .v4_bx         0x08005310        0x0 linker stubs

.iplt           0x08005310        0x0
 .iplt          0x08005310        0x0 c:/ac6/systemworkbench/plugins/fr.ac6.mcu.externaltools.arm-none.win32_1.15.0.201708311556/tools/compiler/bin/../lib/gcc/arm-none-eabi/6.3.1/thumb/v7-m/crtbegin.o

.rodata         0x08005310      0x3d0
                0x08005310                . = ALIGN (0x4)
 *(.rodata)
 .rodata        0x08005310       0x12 Drivers/STM32F1xx_HAL_Driver/Src/stm32f1xx_hal_rcc.o
 *fill*         0x08005322        0x2 
 .rodata        0x08005324       0x18 Src/system_stm32f1xx.o
                0x08005324                AHBPrescTable
                0x08005334                APBPrescTable
 .rodata        0x0800533c       0x1c usr/cpp_main.o
 *(.rodata*)
 .rodata.str1.4
                0x08005358        0xe Src/main.o
 *fill*         0x08005366        0x2 
 .rodata.str1.4
                0x08005368       0x13 Src/usbd_conf.o
 *fill*         0x0800537b        0x1 
 .rodata.str1.4
                0x0800537c       0x56 Src/usbd_desc.o
 *fill*         0x080053d2        0x2 
 .rodata._ZTVN8std_msgs4TimeE
                0x080053d4       0x18 usr/cpp_main.o
                0x080053d4                vtable for std_msgs::Time
 .rodata._ZTVN14rosserial_msgs9TopicInfoE
                0x080053ec       0x18 usr/cpp_main.o
                0x080053ec                vtable for rosserial_msgs::TopicInfo
 .rodata._ZTVN14rosserial_msgs3LogE
                0x08005404       0x18 usr/cpp_main.o
                0x08005404                vtable for rosserial_msgs::Log
 .rodata._ZTVN14rosserial_msgs20RequestParamResponseE
                0x0800541c       0x18 usr/cpp_main.o
                0x0800541c                vtable for rosserial_msgs::RequestParamResponse
 .rodata._ZTVN8std_msgs6StringE
                0x08005434       0x18 usr/cpp_main.o
                0x08005434                vtable for std_msgs::String
 .rodata._ZTVN13geometry_msgs7Vector3E
                0x0800544c       0x18 usr/cpp_main.o
                0x0800544c                vtable for geometry_msgs::Vector3
 .rodata._ZTVN13geometry_msgs5TwistE
                0x08005464       0x18 usr/cpp_main.o
                0x08005464                vtable for geometry_msgs::Twist
 .rodata._ZTVN3ros11NodeHandle_I13STM32HardwareLi5ELi5ELi100ELi100EEE
                0x0800547c       0x14 usr/cpp_main.o
                0x0800547c                vtable for ros::NodeHandle_<STM32Hardware, 5, 5, 100, 100>
 .rodata._ZTVN3ros10SubscriberIN13geometry_msgs5TwistEvEE
                0x08005490       0x18 usr/cpp_main.o
                0x08005490                vtable for ros::Subscriber<geometry_msgs::Twist, void>
 .rodata._ZN13geometry_msgs5Twist6getMD5Ev.str1.4
                0x080054a8       0x21 usr/cpp_main.o
 *fill*         0x080054c9        0x3 
 .rodata._ZN13geometry_msgs5Twist7getTypeEv.str1.4
                0x080054cc       0x14 usr/cpp_main.o
 .rodata._ZN13geometry_msgs7Vector36getMD5Ev.str1.4
                0x080054e0       0x21 usr/cpp_main.o
 *fill*         0x08005501        0x3 
 .rodata._ZN13geometry_msgs7Vector37getTypeEv.str1.4
                0x08005504       0x16 usr/cpp_main.o
 *fill*         0x0800551a        0x2 
 .rodata._ZN14rosserial_msgs20RequestParamResponse6getMD5Ev.str1.4
                0x0800551c       0x21 usr/cpp_main.o
 *fill*         0x0800553d        0x3 
 .rodata._ZN14rosserial_msgs3Log6getMD5Ev.str1.4
                0x08005540       0x21 usr/cpp_main.o
 *fill*         0x08005561        0x3 
 .rodata._ZN14rosserial_msgs3Log7getTypeEv.str1.4
                0x08005564       0x13 usr/cpp_main.o
 *fill*         0x08005577        0x1 
 .rodata._ZN14rosserial_msgs9TopicInfo6getMD5Ev.str1.4
                0x08005578       0x21 usr/cpp_main.o
 *fill*         0x08005599        0x3 
 .rodata._ZN14rosserial_msgs9TopicInfo7getTypeEv.str1.4
                0x0800559c       0x19 usr/cpp_main.o
 *fill*         0x080055b5        0x3 
 .rodata._ZN3ros11NodeHandle_I13STM32HardwareLi5ELi5ELi100ELi100EE7publishEiPKNS_3MsgE.str1.4
                0x080055b8       0x39 usr/cpp_main.o
 *fill*         0x080055f1        0x3 
 .rodata._ZN8std_msgs4Time6getMD5Ev.str1.4
                0x080055f4       0x21 usr/cpp_main.o
 *fill*         0x08005615        0x3 
 .rodata._ZN8std_msgs4Time7getTypeEv.str1.4
                0x08005618        0xe usr/cpp_main.o
 *fill*         0x08005626        0x2 
 .rodata._ZN8std_msgs6String6getMD5Ev.str1.4
                0x08005628       0x21 usr/cpp_main.o
 *fill*         0x08005649        0x3 
 .rodata._ZN8std_msgs6String7getTypeEv.str1.4
                0x0800564c       0x10 usr/cpp_main.o
 .rodata.str1.4
                0x0800565c       0x24 usr/cpp_main.o
                                 0x25 (size before relaxing)
 .rodata.__sf_fake_stderr
                0x08005680       0x20 c:/ac6/systemworkbench/plugins/fr.ac6.mcu.externaltools.arm-none.win32_1.15.0.201708311556/tools/compiler/bin/../lib/gcc/arm-none-eabi/6.3.1/../../../../arm-none-eabi/lib/thumb/v7-m\libc_nano.a(lib_a-findfp.o)
                0x08005680                __sf_fake_stderr
 .rodata.__sf_fake_stdin
                0x080056a0       0x20 c:/ac6/systemworkbench/plugins/fr.ac6.mcu.externaltools.arm-none.win32_1.15.0.201708311556/tools/compiler/bin/../lib/gcc/arm-none-eabi/6.3.1/../../../../arm-none-eabi/lib/thumb/v7-m\libc_nano.a(lib_a-findfp.o)
                0x080056a0                __sf_fake_stdin
 .rodata.__sf_fake_stdout
                0x080056c0       0x20 c:/ac6/systemworkbench/plugins/fr.ac6.mcu.externaltools.arm-none.win32_1.15.0.201708311556/tools/compiler/bin/../lib/gcc/arm-none-eabi/6.3.1/../../../../arm-none-eabi/lib/thumb/v7-m\libc_nano.a(lib_a-findfp.o)
                0x080056c0                __sf_fake_stdout
                0x080056e0                . = ALIGN (0x4)

.rel.dyn        0x080056e0        0x0
 .rel.iplt      0x080056e0        0x0 c:/ac6/systemworkbench/plugins/fr.ac6.mcu.externaltools.arm-none.win32_1.15.0.201708311556/tools/compiler/bin/../lib/gcc/arm-none-eabi/6.3.1/thumb/v7-m/crtbegin.o

.ARM.extab
 *(.ARM.extab* .gnu.linkonce.armextab.*)

.ARM            0x080056e0        0x0
                0x080056e0                __exidx_start = .
 *(.ARM.exidx*)
                0x080056e0                __exidx_end = .

.preinit_array  0x080056e0        0x0
                0x080056e0                PROVIDE (__preinit_array_start, .)
 *(.preinit_array*)
                0x080056e0                PROVIDE (__preinit_array_end, .)

.init_array     0x080056e0        0x8
                0x080056e0                PROVIDE (__init_array_start, .)
 *(SORT(.init_array.*))
 *(.init_array*)
 .init_array    0x080056e0        0x4 c:/ac6/systemworkbench/plugins/fr.ac6.mcu.externaltools.arm-none.win32_1.15.0.201708311556/tools/compiler/bin/../lib/gcc/arm-none-eabi/6.3.1/thumb/v7-m/crtbegin.o
 .init_array    0x080056e4        0x4 usr/cpp_main.o
                0x080056e8                PROVIDE (__init_array_end, .)

.fini_array     0x080056e8        0x4
                [!provide]                PROVIDE (__fini_array_start, .)
 *(SORT(.fini_array.*))
 *(.fini_array*)
 .fini_array    0x080056e8        0x4 c:/ac6/systemworkbench/plugins/fr.ac6.mcu.externaltools.arm-none.win32_1.15.0.201708311556/tools/compiler/bin/../lib/gcc/arm-none-eabi/6.3.1/thumb/v7-m/crtbegin.o
                [!provide]                PROVIDE (__fini_array_end, .)
                0x080056ec                _sidata = LOADADDR (.data)

.data           0x20000000      0x1cc load address 0x080056ec
                0x20000000                . = ALIGN (0x4)
                0x20000000                _sdata = .
 *(.data)
 .data          0x20000000        0x8 Drivers/STM32F1xx_HAL_Driver/Src/stm32f1xx_hal.o
                0x20000000                uwTickFreq
                0x20000004                uwTickPrio
 .data          0x20000008      0x110 Middlewares/ST/STM32_USB_Device_Library/Class/CDC/Src/usbd_cdc.o
                0x20000008                USBD_CDC_CfgFSDesc
                0x2000004c                USBD_CDC_CfgHSDesc
                0x20000090                USBD_CDC_OtherSpeedCfgDesc
                0x200000e0                USBD_CDC
 .data          0x20000118        0x4 Src/system_stm32f1xx.o
                0x20000118                SystemCoreClock
 .data          0x2000011c       0x14 Src/usbd_cdc_if.o
                0x2000011c                USBD_Interface_fops_FS
                0x2000012c                readIndex
 .data          0x20000130       0x34 Src/usbd_desc.o
                0x20000130                USBD_FS_DeviceDesc
                0x20000144                USBD_LangIDDesc
                0x20000148                FS_Desc
 *(.data*)
 .data.__heap_limit
                0x20000164        0x4 c:/ac6/systemworkbench/plugins/fr.ac6.mcu.externaltools.arm-none.win32_1.15.0.201708311556/tools/compiler/bin/../lib/gcc/arm-none-eabi/6.3.1/../../../../arm-none-eabi/lib/thumb/v7-m\librdimon_nano.a(rdimon-syscalls.o)
                0x20000164                __heap_limit
 .data._impure_ptr
                0x20000168        0x4 c:/ac6/systemworkbench/plugins/fr.ac6.mcu.externaltools.arm-none.win32_1.15.0.201708311556/tools/compiler/bin/../lib/gcc/arm-none-eabi/6.3.1/../../../../arm-none-eabi/lib/thumb/v7-m\libc_nano.a(lib_a-impure.o)
                0x20000168                _impure_ptr
 .data.impure_data
                0x2000016c       0x60 c:/ac6/systemworkbench/plugins/fr.ac6.mcu.externaltools.arm-none.win32_1.15.0.201708311556/tools/compiler/bin/../lib/gcc/arm-none-eabi/6.3.1/../../../../arm-none-eabi/lib/thumb/v7-m\libc_nano.a(lib_a-impure.o)
                0x200001cc                . = ALIGN (0x4)
                0x200001cc                _edata = .

.jcr            0x200001cc        0x0 load address 0x080058b8
 .jcr           0x200001cc        0x0 c:/ac6/systemworkbench/plugins/fr.ac6.mcu.externaltools.arm-none.win32_1.15.0.201708311556/tools/compiler/bin/../lib/gcc/arm-none-eabi/6.3.1/thumb/v7-m/crtbegin.o

.igot.plt       0x200001cc        0x0 load address 0x080058b8
 .igot.plt      0x200001cc        0x0 c:/ac6/systemworkbench/plugins/fr.ac6.mcu.externaltools.arm-none.win32_1.15.0.201708311556/tools/compiler/bin/../lib/gcc/arm-none-eabi/6.3.1/thumb/v7-m/crtbegin.o
                0x200001cc                . = ALIGN (0x4)

.bss            0x200001cc     0x116c load address 0x080058b8
                0x200001cc                _sbss = .
                0x200001cc                __bss_start__ = _sbss
 *(.bss)
 .bss           0x200001cc       0x1c c:/ac6/systemworkbench/plugins/fr.ac6.mcu.externaltools.arm-none.win32_1.15.0.201708311556/tools/compiler/bin/../lib/gcc/arm-none-eabi/6.3.1/thumb/v7-m/crtbegin.o
 .bss           0x200001e8        0x1 Middlewares/ST/STM32_USB_Device_Library/Class/CDC/Src/usbd_cdc.o
 .bss           0x200001e9        0x1 Middlewares/ST/STM32_USB_Device_Library/Core/Src/usbd_ctlreq.o
 *fill*         0x200001ea        0x2 
 .bss           0x200001ec        0x4 Src/usbd_cdc_if.o
                0x200001ec                RxFifoIndex
 .bss           0x200001f0      0x220 Src/usbd_conf.o
 .bss           0x20000410      0x1c8 usr/cpp_main.o
                0x20000410                nh
                0x20000568                str_msg
                0x20000570                chatter
                0x20000584                sub
                0x200005bc                rb
 .bss           0x200005d8        0x8 usr/ledStatus.o
 *(.bss*)
 .bss.heap_end.6161
                0x200005e0        0x4 c:/ac6/systemworkbench/plugins/fr.ac6.mcu.externaltools.arm-none.win32_1.15.0.201708311556/tools/compiler/bin/../lib/gcc/arm-none-eabi/6.3.1/../../../../arm-none-eabi/lib/thumb/v7-m\librdimon_nano.a(rdimon-syscalls.o)
 .bss.__malloc_free_list
                0x200005e4        0x4 c:/ac6/systemworkbench/plugins/fr.ac6.mcu.externaltools.arm-none.win32_1.15.0.201708311556/tools/compiler/bin/../lib/gcc/arm-none-eabi/6.3.1/../../../../arm-none-eabi/lib/thumb/v7-m\libc_nano.a(lib_a-nano-mallocr.o)
                0x200005e4                __malloc_free_list
 .bss.__malloc_sbrk_start
                0x200005e8        0x4 c:/ac6/systemworkbench/plugins/fr.ac6.mcu.externaltools.arm-none.win32_1.15.0.201708311556/tools/compiler/bin/../lib/gcc/arm-none-eabi/6.3.1/../../../../arm-none-eabi/lib/thumb/v7-m\libc_nano.a(lib_a-nano-mallocr.o)
                0x200005e8                __malloc_sbrk_start
 *(COMMON)
 COMMON         0x200005ec        0x4 Drivers/STM32F1xx_HAL_Driver/Src/stm32f1xx_hal.o
                0x200005ec                uwTick
 COMMON         0x200005f0       0x40 Src/stm32f1xx_hal_timebase_TIM.o
                0x200005f0                htim1
 COMMON         0x20000630      0x224 Src/usb_device.o
                0x20000630                hUsbDeviceFS
 COMMON         0x20000854      0x480 Src/usbd_cdc_if.o
                0x20000854                UserRxBufferFS
                0x20000894                UserTxBufferFS
                0x200008d4                RxBuffer
 COMMON         0x20000cd4      0x460 Src/usbd_conf.o
                0x20000cd4                hpcd_USB_FS
 COMMON         0x20001134      0x200 Src/usbd_desc.o
                0x20001134                USBD_StrDesc
 COMMON         0x20001334        0x4 c:/ac6/systemworkbench/plugins/fr.ac6.mcu.externaltools.arm-none.win32_1.15.0.201708311556/tools/compiler/bin/../lib/gcc/arm-none-eabi/6.3.1/../../../../arm-none-eabi/lib/thumb/v7-m\libc_nano.a(lib_a-reent.o)
                0x20001334                errno
                0x20001338                . = ALIGN (0x4)
                0x20001338                _ebss = .
                0x20001338                __bss_end__ = _ebss

._user_heap_stack
                0x20001338      0x600 load address 0x080058b8
                0x20001338                . = ALIGN (0x8)
                0x20001338                PROVIDE (end, .)
                [!provide]                PROVIDE (_end, .)
                0x20001538                . = (. + _Min_Heap_Size)
 *fill*         0x20001338      0x200 
                0x20001938                . = (. + _Min_Stack_Size)
 *fill*         0x20001538      0x400 
                0x20001938                . = ALIGN (0x8)

/DISCARD/
 libc.a(*)
 libm.a(*)
 libgcc.a(*)

.ARM.attributes
                0x00000000       0x29
 *(.ARM.attributes)
 .ARM.attributes
                0x00000000       0x1d c:/ac6/systemworkbench/plugins/fr.ac6.mcu.externaltools.arm-none.win32_1.15.0.201708311556/tools/compiler/bin/../lib/gcc/arm-none-eabi/6.3.1/thumb/v7-m/crti.o
 .ARM.attributes
                0x0000001d       0x2d c:/ac6/systemworkbench/plugins/fr.ac6.mcu.externaltools.arm-none.win32_1.15.0.201708311556/tools/compiler/bin/../lib/gcc/arm-none-eabi/6.3.1/thumb/v7-m/crtbegin.o
 .ARM.attributes
                0x0000004a       0x2d c:/ac6/systemworkbench/plugins/fr.ac6.mcu.externaltools.arm-none.win32_1.15.0.201708311556/tools/compiler/bin/../lib/gcc/arm-none-eabi/6.3.1/../../../../arm-none-eabi/lib/thumb/v7-m\librdimon_nano.a(rdimon-syscalls.o)
 .ARM.attributes
                0x00000077       0x33 Drivers/STM32F1xx_HAL_Driver/Src/stm32f1xx_hal.o
 .ARM.attributes
                0x000000aa       0x33 Drivers/STM32F1xx_HAL_Driver/Src/stm32f1xx_hal_cortex.o
 .ARM.attributes
                0x000000dd       0x33 Drivers/STM32F1xx_HAL_Driver/Src/stm32f1xx_hal_gpio.o
 .ARM.attributes
                0x00000110       0x33 Drivers/STM32F1xx_HAL_Driver/Src/stm32f1xx_hal_pcd.o
 .ARM.attributes
                0x00000143       0x33 Drivers/STM32F1xx_HAL_Driver/Src/stm32f1xx_hal_pcd_ex.o
 .ARM.attributes
                0x00000176       0x33 Drivers/STM32F1xx_HAL_Driver/Src/stm32f1xx_hal_rcc.o
 .ARM.attributes
                0x000001a9       0x33 Drivers/STM32F1xx_HAL_Driver/Src/stm32f1xx_hal_rcc_ex.o
 .ARM.attributes
                0x000001dc       0x33 Drivers/STM32F1xx_HAL_Driver/Src/stm32f1xx_hal_tim.o
 .ARM.attributes
                0x0000020f       0x33 Drivers/STM32F1xx_HAL_Driver/Src/stm32f1xx_hal_tim_ex.o
 .ARM.attributes
                0x00000242       0x33 Drivers/STM32F1xx_HAL_Driver/Src/stm32f1xx_ll_usb.o
 .ARM.attributes
                0x00000275       0x33 Middlewares/ST/STM32_USB_Device_Library/Class/CDC/Src/usbd_cdc.o
 .ARM.attributes
                0x000002a8       0x33 Middlewares/ST/STM32_USB_Device_Library/Core/Src/usbd_core.o
 .ARM.attributes
                0x000002db       0x33 Middlewares/ST/STM32_USB_Device_Library/Core/Src/usbd_ctlreq.o
 .ARM.attributes
                0x0000030e       0x33 Middlewares/ST/STM32_USB_Device_Library/Core/Src/usbd_ioreq.o
 .ARM.attributes
                0x00000341       0x33 Src/main.o
 .ARM.attributes
                0x00000374       0x33 Src/stm32f1xx_hal_msp.o
 .ARM.attributes
                0x000003a7       0x33 Src/stm32f1xx_hal_timebase_TIM.o
 .ARM.attributes
                0x000003da       0x33 Src/stm32f1xx_it.o
 .ARM.attributes
                0x0000040d       0x33 Src/system_stm32f1xx.o
 .ARM.attributes
                0x00000440       0x33 Src/usb_device.o
 .ARM.attributes
                0x00000473       0x33 Src/usbd_cdc_if.o
 .ARM.attributes
                0x000004a6       0x33 Src/usbd_conf.o
 .ARM.attributes
                0x000004d9       0x33 Src/usbd_desc.o
 .ARM.attributes
                0x0000050c       0x33 ros_lib/time.o
 .ARM.attributes
                0x0000053f       0x21 startup/startup_stm32f103xb.o
 .ARM.attributes
                0x00000560       0x33 usr/cpp_main.o
 .ARM.attributes
                0x00000593       0x33 usr/ledStatus.o
 .ARM.attributes
                0x000005c6       0x33 usr/nbt.o
 .ARM.attributes
                0x000005f9       0x33 usr/ringbuffer.o
 .ARM.attributes
                0x0000062c       0x1d c:/ac6/systemworkbench/plugins/fr.ac6.mcu.externaltools.arm-none.win32_1.15.0.201708311556/tools/compiler/bin/../lib/gcc/arm-none-eabi/6.3.1/thumb/v7-m\libgcc.a(_arm_cmpsf2.o)
 .ARM.attributes
                0x00000649       0x2d c:/ac6/systemworkbench/plugins/fr.ac6.mcu.externaltools.arm-none.win32_1.15.0.201708311556/tools/compiler/bin/../lib/gcc/arm-none-eabi/6.3.1/../../../../arm-none-eabi/lib/thumb/v7-m\libc_nano.a(lib_a-errno.o)
 .ARM.attributes
                0x00000676       0x2d c:/ac6/systemworkbench/plugins/fr.ac6.mcu.externaltools.arm-none.win32_1.15.0.201708311556/tools/compiler/bin/../lib/gcc/arm-none-eabi/6.3.1/../../../../arm-none-eabi/lib/thumb/v7-m\libc_nano.a(lib_a-findfp.o)
 .ARM.attributes
                0x000006a3       0x2d c:/ac6/systemworkbench/plugins/fr.ac6.mcu.externaltools.arm-none.win32_1.15.0.201708311556/tools/compiler/bin/../lib/gcc/arm-none-eabi/6.3.1/../../../../arm-none-eabi/lib/thumb/v7-m\libc_nano.a(lib_a-impure.o)
 .ARM.attributes
                0x000006d0       0x2d c:/ac6/systemworkbench/plugins/fr.ac6.mcu.externaltools.arm-none.win32_1.15.0.201708311556/tools/compiler/bin/../lib/gcc/arm-none-eabi/6.3.1/../../../../arm-none-eabi/lib/thumb/v7-m\libc_nano.a(lib_a-init.o)
 .ARM.attributes
                0x000006fd       0x2d c:/ac6/systemworkbench/plugins/fr.ac6.mcu.externaltools.arm-none.win32_1.15.0.201708311556/tools/compiler/bin/../lib/gcc/arm-none-eabi/6.3.1/../../../../arm-none-eabi/lib/thumb/v7-m\libc_nano.a(lib_a-memcpy-stub.o)
 .ARM.attributes
                0x0000072a       0x2d c:/ac6/systemworkbench/plugins/fr.ac6.mcu.externaltools.arm-none.win32_1.15.0.201708311556/tools/compiler/bin/../lib/gcc/arm-none-eabi/6.3.1/../../../../arm-none-eabi/lib/thumb/v7-m\libc_nano.a(lib_a-nano-mallocr.o)
 .ARM.attributes
                0x00000757       0x2d c:/ac6/systemworkbench/plugins/fr.ac6.mcu.externaltools.arm-none.win32_1.15.0.201708311556/tools/compiler/bin/../lib/gcc/arm-none-eabi/6.3.1/../../../../arm-none-eabi/lib/thumb/v7-m\libc_nano.a(lib_a-realloc.o)
 .ARM.attributes
                0x00000784       0x2d c:/ac6/systemworkbench/plugins/fr.ac6.mcu.externaltools.arm-none.win32_1.15.0.201708311556/tools/compiler/bin/../lib/gcc/arm-none-eabi/6.3.1/../../../../arm-none-eabi/lib/thumb/v7-m\libc_nano.a(lib_a-sbrkr.o)
 .ARM.attributes
                0x000007b1       0x17 c:/ac6/systemworkbench/plugins/fr.ac6.mcu.externaltools.arm-none.win32_1.15.0.201708311556/tools/compiler/bin/../lib/gcc/arm-none-eabi/6.3.1/../../../../arm-none-eabi/lib/thumb/v7-m\libc_nano.a(lib_a-strlen.o)
 .ARM.attributes
                0x000007c8       0x2d c:/ac6/systemworkbench/plugins/fr.ac6.mcu.externaltools.arm-none.win32_1.15.0.201708311556/tools/compiler/bin/../lib/gcc/arm-none-eabi/6.3.1/../../../../arm-none-eabi/lib/thumb/v7-m\libc_nano.a(lib_a-mlock.o)
 .ARM.attributes
                0x000007f5       0x2d c:/ac6/systemworkbench/plugins/fr.ac6.mcu.externaltools.arm-none.win32_1.15.0.201708311556/tools/compiler/bin/../lib/gcc/arm-none-eabi/6.3.1/../../../../arm-none-eabi/lib/thumb/v7-m\libc_nano.a(lib_a-nano-freer.o)
 .ARM.attributes
                0x00000822       0x2d c:/ac6/systemworkbench/plugins/fr.ac6.mcu.externaltools.arm-none.win32_1.15.0.201708311556/tools/compiler/bin/../lib/gcc/arm-none-eabi/6.3.1/../../../../arm-none-eabi/lib/thumb/v7-m\libc_nano.a(lib_a-nano-reallocr.o)
 .ARM.attributes
                0x0000084f       0x2d c:/ac6/systemworkbench/plugins/fr.ac6.mcu.externaltools.arm-none.win32_1.15.0.201708311556/tools/compiler/bin/../lib/gcc/arm-none-eabi/6.3.1/../../../../arm-none-eabi/lib/thumb/v7-m\libc_nano.a(lib_a-reent.o)
 .ARM.attributes
                0x0000087c       0x2d c:/ac6/systemworkbench/plugins/fr.ac6.mcu.externaltools.arm-none.win32_1.15.0.201708311556/tools/compiler/bin/../lib/gcc/arm-none-eabi/6.3.1/../../../../arm-none-eabi/lib/thumb/v7-m\libc_nano.a(lib_a-nano-msizer.o)
 .ARM.attributes
                0x000008a9       0x1d c:/ac6/systemworkbench/plugins/fr.ac6.mcu.externaltools.arm-none.win32_1.15.0.201708311556/tools/compiler/bin/../lib/gcc/arm-none-eabi/6.3.1/thumb/v7-m/crtn.o
OUTPUT(ROS_stm32f1_USB_VCP.elf elf32-littlearm)

.debug_frame    0x00000000     0x3104
 .debug_frame   0x00000000      0x33c c:/ac6/systemworkbench/plugins/fr.ac6.mcu.externaltools.arm-none.win32_1.15.0.201708311556/tools/compiler/bin/../lib/gcc/arm-none-eabi/6.3.1/../../../../arm-none-eabi/lib/thumb/v7-m\librdimon_nano.a(rdimon-syscalls.o)
 .debug_frame   0x0000033c      0x1ac Drivers/STM32F1xx_HAL_Driver/Src/stm32f1xx_hal.o
 .debug_frame   0x000004e8      0x12c Drivers/STM32F1xx_HAL_Driver/Src/stm32f1xx_hal_cortex.o
 .debug_frame   0x00000614       0xe4 Drivers/STM32F1xx_HAL_Driver/Src/stm32f1xx_hal_gpio.o
 .debug_frame   0x000006f8      0x2e8 Drivers/STM32F1xx_HAL_Driver/Src/stm32f1xx_hal_pcd.o
 .debug_frame   0x000009e0       0x30 Drivers/STM32F1xx_HAL_Driver/Src/stm32f1xx_hal_pcd_ex.o
 .debug_frame   0x00000a10      0x170 Drivers/STM32F1xx_HAL_Driver/Src/stm32f1xx_hal_rcc.o
 .debug_frame   0x00000b80       0x6c Drivers/STM32F1xx_HAL_Driver/Src/stm32f1xx_hal_rcc_ex.o
 .debug_frame   0x00000bec      0x9e0 Drivers/STM32F1xx_HAL_Driver/Src/stm32f1xx_hal_tim.o
 .debug_frame   0x000015cc      0x374 Drivers/STM32F1xx_HAL_Driver/Src/stm32f1xx_hal_tim_ex.o
 .debug_frame   0x00001940      0x23c Drivers/STM32F1xx_HAL_Driver/Src/stm32f1xx_ll_usb.o
 .debug_frame   0x00001b7c      0x14c Middlewares/ST/STM32_USB_Device_Library/Class/CDC/Src/usbd_cdc.o
 .debug_frame   0x00001cc8      0x1bc Middlewares/ST/STM32_USB_Device_Library/Core/Src/usbd_core.o
 .debug_frame   0x00001e84      0x178 Middlewares/ST/STM32_USB_Device_Library/Core/Src/usbd_ctlreq.o
 .debug_frame   0x00001ffc       0xb8 Middlewares/ST/STM32_USB_Device_Library/Core/Src/usbd_ioreq.o
 .debug_frame   0x000020b4       0x90 Src/main.o
 .debug_frame   0x00002144       0x2c Src/stm32f1xx_hal_msp.o
 .debug_frame   0x00002170       0x50 Src/stm32f1xx_hal_timebase_TIM.o
 .debug_frame   0x000021c0       0xd8 Src/stm32f1xx_it.o
 .debug_frame   0x00002298       0x30 Src/system_stm32f1xx.o
 .debug_frame   0x000022c8       0x28 Src/usb_device.o
 .debug_frame   0x000022f0       0x84 Src/usbd_cdc_if.o
 .debug_frame   0x00002374      0x2dc Src/usbd_conf.o
 .debug_frame   0x00002650       0xa8 Src/usbd_desc.o
 .debug_frame   0x000026f8       0x74 ros_lib/time.o
 .debug_frame   0x0000276c      0x410 usr/cpp_main.o
 .debug_frame   0x00002b7c       0x40 usr/ledStatus.o
 .debug_frame   0x00002bbc       0x40 usr/nbt.o
 .debug_frame   0x00002bfc      0x118 usr/ringbuffer.o
 .debug_frame   0x00002d14       0xc8 c:/ac6/systemworkbench/plugins/fr.ac6.mcu.externaltools.arm-none.win32_1.15.0.201708311556/tools/compiler/bin/../lib/gcc/arm-none-eabi/6.3.1/thumb/v7-m\libgcc.a(_arm_cmpsf2.o)
 .debug_frame   0x00002ddc       0x20 c:/ac6/systemworkbench/plugins/fr.ac6.mcu.externaltools.arm-none.win32_1.15.0.201708311556/tools/compiler/bin/../lib/gcc/arm-none-eabi/6.3.1/../../../../arm-none-eabi/lib/thumb/v7-m\libc_nano.a(lib_a-errno.o)
 .debug_frame   0x00002dfc      0x11c c:/ac6/systemworkbench/plugins/fr.ac6.mcu.externaltools.arm-none.win32_1.15.0.201708311556/tools/compiler/bin/../lib/gcc/arm-none-eabi/6.3.1/../../../../arm-none-eabi/lib/thumb/v7-m\libc_nano.a(lib_a-findfp.o)
 .debug_frame   0x00002f18       0x2c c:/ac6/systemworkbench/plugins/fr.ac6.mcu.externaltools.arm-none.win32_1.15.0.201708311556/tools/compiler/bin/../lib/gcc/arm-none-eabi/6.3.1/../../../../arm-none-eabi/lib/thumb/v7-m\libc_nano.a(lib_a-init.o)
 .debug_frame   0x00002f44       0x28 c:/ac6/systemworkbench/plugins/fr.ac6.mcu.externaltools.arm-none.win32_1.15.0.201708311556/tools/compiler/bin/../lib/gcc/arm-none-eabi/6.3.1/../../../../arm-none-eabi/lib/thumb/v7-m\libc_nano.a(lib_a-memcpy-stub.o)
 .debug_frame   0x00002f6c       0x2c c:/ac6/systemworkbench/plugins/fr.ac6.mcu.externaltools.arm-none.win32_1.15.0.201708311556/tools/compiler/bin/../lib/gcc/arm-none-eabi/6.3.1/../../../../arm-none-eabi/lib/thumb/v7-m\libc_nano.a(lib_a-nano-mallocr.o)
 .debug_frame   0x00002f98       0x20 c:/ac6/systemworkbench/plugins/fr.ac6.mcu.externaltools.arm-none.win32_1.15.0.201708311556/tools/compiler/bin/../lib/gcc/arm-none-eabi/6.3.1/../../../../arm-none-eabi/lib/thumb/v7-m\libc_nano.a(lib_a-realloc.o)
 .debug_frame   0x00002fb8       0x2c c:/ac6/systemworkbench/plugins/fr.ac6.mcu.externaltools.arm-none.win32_1.15.0.201708311556/tools/compiler/bin/../lib/gcc/arm-none-eabi/6.3.1/../../../../arm-none-eabi/lib/thumb/v7-m\libc_nano.a(lib_a-sbrkr.o)
 .debug_frame   0x00002fe4       0x30 c:/ac6/systemworkbench/plugins/fr.ac6.mcu.externaltools.arm-none.win32_1.15.0.201708311556/tools/compiler/bin/../lib/gcc/arm-none-eabi/6.3.1/../../../../arm-none-eabi/lib/thumb/v7-m\libc_nano.a(lib_a-mlock.o)
 .debug_frame   0x00003014       0x38 c:/ac6/systemworkbench/plugins/fr.ac6.mcu.externaltools.arm-none.win32_1.15.0.201708311556/tools/compiler/bin/../lib/gcc/arm-none-eabi/6.3.1/../../../../arm-none-eabi/lib/thumb/v7-m\libc_nano.a(lib_a-nano-freer.o)
 .debug_frame   0x0000304c       0x3c c:/ac6/systemworkbench/plugins/fr.ac6.mcu.externaltools.arm-none.win32_1.15.0.201708311556/tools/compiler/bin/../lib/gcc/arm-none-eabi/6.3.1/../../../../arm-none-eabi/lib/thumb/v7-m\libc_nano.a(lib_a-nano-reallocr.o)
 .debug_frame   0x00003088       0x5c c:/ac6/systemworkbench/plugins/fr.ac6.mcu.externaltools.arm-none.win32_1.15.0.201708311556/tools/compiler/bin/../lib/gcc/arm-none-eabi/6.3.1/../../../../arm-none-eabi/lib/thumb/v7-m\libc_nano.a(lib_a-reent.o)
 .debug_frame   0x000030e4       0x20 c:/ac6/systemworkbench/plugins/fr.ac6.mcu.externaltools.arm-none.win32_1.15.0.201708311556/tools/compiler/bin/../lib/gcc/arm-none-eabi/6.3.1/../../../../arm-none-eabi/lib/thumb/v7-m\libc_nano.a(lib_a-nano-msizer.o)

.debug_info     0x00000000    0x26d9d
 .debug_info    0x00000000      0xfaa Drivers/STM32F1xx_HAL_Driver/Src/stm32f1xx_hal.o
 .debug_info    0x00000faa     0x147b Drivers/STM32F1xx_HAL_Driver/Src/stm32f1xx_hal_cortex.o
 .debug_info    0x00002425      0xe8b Drivers/STM32F1xx_HAL_Driver/Src/stm32f1xx_hal_gpio.o
 .debug_info    0x000032b0     0x19d4 Drivers/STM32F1xx_HAL_Driver/Src/stm32f1xx_hal_pcd.o
 .debug_info    0x00004c84      0xe11 Drivers/STM32F1xx_HAL_Driver/Src/stm32f1xx_hal_pcd_ex.o
 .debug_info    0x00005a95     0x11f3 Drivers/STM32F1xx_HAL_Driver/Src/stm32f1xx_hal_rcc.o
 .debug_info    0x00006c88      0xc6b Drivers/STM32F1xx_HAL_Driver/Src/stm32f1xx_hal_rcc_ex.o
 .debug_info    0x000078f3     0x3655 Drivers/STM32F1xx_HAL_Driver/Src/stm32f1xx_hal_tim.o
 .debug_info    0x0000af48     0x1aa9 Drivers/STM32F1xx_HAL_Driver/Src/stm32f1xx_hal_tim_ex.o
 .debug_info    0x0000c9f1     0x1730 Drivers/STM32F1xx_HAL_Driver/Src/stm32f1xx_ll_usb.o
 .debug_info    0x0000e121     0x158a Middlewares/ST/STM32_USB_Device_Library/Class/CDC/Src/usbd_cdc.o
 .debug_info    0x0000f6ab     0x1490 Middlewares/ST/STM32_USB_Device_Library/Core/Src/usbd_core.o
 .debug_info    0x00010b3b     0x1666 Middlewares/ST/STM32_USB_Device_Library/Core/Src/usbd_ctlreq.o
 .debug_info    0x000121a1      0xfd9 Middlewares/ST/STM32_USB_Device_Library/Core/Src/usbd_ioreq.o
 .debug_info    0x0001317a     0x199f Src/main.o
 .debug_info    0x00014b19      0xcd6 Src/stm32f1xx_hal_msp.o
 .debug_info    0x000157ef     0x11a5 Src/stm32f1xx_hal_timebase_TIM.o
 .debug_info    0x00016994     0x12b8 Src/stm32f1xx_it.o
 .debug_info    0x00017c4c      0xc1b Src/system_stm32f1xx.o
 .debug_info    0x00018867      0xe91 Src/usb_device.o
 .debug_info    0x000196f8     0x1148 Src/usbd_cdc_if.o
 .debug_info    0x0001a840     0x2076 Src/usbd_conf.o
 .debug_info    0x0001c8b6      0xd62 Src/usbd_desc.o
 .debug_info    0x0001d618      0xdc7 ros_lib/time.o
 .debug_info    0x0001e3df       0x8b startup/startup_stm32f103xb.o
 .debug_info    0x0001e46a     0x65b5 usr/cpp_main.o
 .debug_info    0x00024a1f      0xb69 usr/ledStatus.o
 .debug_info    0x00025588      0xa15 usr/nbt.o
 .debug_info    0x00025f9d      0xe00 usr/ringbuffer.o

.debug_abbrev   0x00000000     0x539f
 .debug_abbrev  0x00000000      0x2f2 Drivers/STM32F1xx_HAL_Driver/Src/stm32f1xx_hal.o
 .debug_abbrev  0x000002f2      0x3cb Drivers/STM32F1xx_HAL_Driver/Src/stm32f1xx_hal_cortex.o
 .debug_abbrev  0x000006bd      0x2a5 Drivers/STM32F1xx_HAL_Driver/Src/stm32f1xx_hal_gpio.o
 .debug_abbrev  0x00000962      0x355 Drivers/STM32F1xx_HAL_Driver/Src/stm32f1xx_hal_pcd.o
 .debug_abbrev  0x00000cb7      0x230 Drivers/STM32F1xx_HAL_Driver/Src/stm32f1xx_hal_pcd_ex.o
 .debug_abbrev  0x00000ee7      0x333 Drivers/STM32F1xx_HAL_Driver/Src/stm32f1xx_hal_rcc.o
 .debug_abbrev  0x0000121a      0x2b2 Drivers/STM32F1xx_HAL_Driver/Src/stm32f1xx_hal_rcc_ex.o
 .debug_abbrev  0x000014cc      0x2eb Drivers/STM32F1xx_HAL_Driver/Src/stm32f1xx_hal_tim.o
 .debug_abbrev  0x000017b7      0x2dc Drivers/STM32F1xx_HAL_Driver/Src/stm32f1xx_hal_tim_ex.o
 .debug_abbrev  0x00001a93      0x2c1 Drivers/STM32F1xx_HAL_Driver/Src/stm32f1xx_ll_usb.o
 .debug_abbrev  0x00001d54      0x312 Middlewares/ST/STM32_USB_Device_Library/Class/CDC/Src/usbd_cdc.o
 .debug_abbrev  0x00002066      0x2c6 Middlewares/ST/STM32_USB_Device_Library/Core/Src/usbd_core.o
 .debug_abbrev  0x0000232c      0x327 Middlewares/ST/STM32_USB_Device_Library/Core/Src/usbd_ctlreq.o
 .debug_abbrev  0x00002653      0x213 Middlewares/ST/STM32_USB_Device_Library/Core/Src/usbd_ioreq.o
 .debug_abbrev  0x00002866      0x2f2 Src/main.o
 .debug_abbrev  0x00002b58      0x232 Src/stm32f1xx_hal_msp.o
 .debug_abbrev  0x00002d8a      0x295 Src/stm32f1xx_hal_timebase_TIM.o
 .debug_abbrev  0x0000301f      0x22a Src/stm32f1xx_it.o
 .debug_abbrev  0x00003249      0x226 Src/system_stm32f1xx.o
 .debug_abbrev  0x0000346f      0x216 Src/usb_device.o
 .debug_abbrev  0x00003685      0x315 Src/usbd_cdc_if.o
 .debug_abbrev  0x0000399a      0x31a Src/usbd_conf.o
 .debug_abbrev  0x00003cb4      0x272 Src/usbd_desc.o
 .debug_abbrev  0x00003f26      0x36b ros_lib/time.o
 .debug_abbrev  0x00004291       0x12 startup/startup_stm32f103xb.o
 .debug_abbrev  0x000042a3      0x98a usr/cpp_main.o
 .debug_abbrev  0x00004c2d      0x24c usr/ledStatus.o
 .debug_abbrev  0x00004e79      0x20c usr/nbt.o
 .debug_abbrev  0x00005085      0x31a usr/ringbuffer.o

.debug_loc      0x00000000     0xcf24
 .debug_loc     0x00000000      0x108 Drivers/STM32F1xx_HAL_Driver/Src/stm32f1xx_hal.o
 .debug_loc     0x00000108      0x5ad Drivers/STM32F1xx_HAL_Driver/Src/stm32f1xx_hal_cortex.o
 .debug_loc     0x000006b5      0x42d Drivers/STM32F1xx_HAL_Driver/Src/stm32f1xx_hal_gpio.o
 .debug_loc     0x00000ae2      0x9fb Drivers/STM32F1xx_HAL_Driver/Src/stm32f1xx_hal_pcd.o
 .debug_loc     0x000014dd       0xf4 Drivers/STM32F1xx_HAL_Driver/Src/stm32f1xx_hal_pcd_ex.o
 .debug_loc     0x000015d1      0x4d1 Drivers/STM32F1xx_HAL_Driver/Src/stm32f1xx_hal_rcc.o
 .debug_loc     0x00001aa2      0x2dc Drivers/STM32F1xx_HAL_Driver/Src/stm32f1xx_hal_rcc_ex.o
 .debug_loc     0x00001d7e     0x34d2 Drivers/STM32F1xx_HAL_Driver/Src/stm32f1xx_hal_tim.o
 .debug_loc     0x00005250      0xf2e Drivers/STM32F1xx_HAL_Driver/Src/stm32f1xx_hal_tim_ex.o
 .debug_loc     0x0000617e      0xc18 Drivers/STM32F1xx_HAL_Driver/Src/stm32f1xx_ll_usb.o
 .debug_loc     0x00006d96      0x4b9 Middlewares/ST/STM32_USB_Device_Library/Class/CDC/Src/usbd_cdc.o
 .debug_loc     0x0000724f      0x71c Middlewares/ST/STM32_USB_Device_Library/Core/Src/usbd_core.o
 .debug_loc     0x0000796b      0xb78 Middlewares/ST/STM32_USB_Device_Library/Core/Src/usbd_ctlreq.o
 .debug_loc     0x000084e3      0x23c Middlewares/ST/STM32_USB_Device_Library/Core/Src/usbd_ioreq.o
 .debug_loc     0x0000871f       0x3a Src/main.o
 .debug_loc     0x00008759       0x79 Src/stm32f1xx_hal_timebase_TIM.o
 .debug_loc     0x000087d2       0xdf Src/system_stm32f1xx.o
 .debug_loc     0x000088b1      0x11e Src/usbd_cdc_if.o
 .debug_loc     0x000089cf      0xb53 Src/usbd_conf.o
 .debug_loc     0x00009522      0x2b7 Src/usbd_desc.o
 .debug_loc     0x000097d9      0x106 ros_lib/time.o
 .debug_loc     0x000098df     0x323c usr/cpp_main.o
 .debug_loc     0x0000cb1b       0x5d usr/nbt.o
 .debug_loc     0x0000cb78      0x3ac usr/ringbuffer.o

.debug_aranges  0x00000000     0x10f0
 .debug_aranges
                0x00000000       0xd0 Drivers/STM32F1xx_HAL_Driver/Src/stm32f1xx_hal.o
 .debug_aranges
                0x000000d0       0x90 Drivers/STM32F1xx_HAL_Driver/Src/stm32f1xx_hal_cortex.o
 .debug_aranges
                0x00000160       0x58 Drivers/STM32F1xx_HAL_Driver/Src/stm32f1xx_hal_gpio.o
 .debug_aranges
                0x000001b8      0x120 Drivers/STM32F1xx_HAL_Driver/Src/stm32f1xx_hal_pcd.o
 .debug_aranges
                0x000002d8       0x28 Drivers/STM32F1xx_HAL_Driver/Src/stm32f1xx_hal_pcd_ex.o
 .debug_aranges
                0x00000300       0x90 Drivers/STM32F1xx_HAL_Driver/Src/stm32f1xx_hal_rcc.o
 .debug_aranges
                0x00000390       0x30 Drivers/STM32F1xx_HAL_Driver/Src/stm32f1xx_hal_rcc_ex.o
 .debug_aranges
                0x000003c0      0x368 Drivers/STM32F1xx_HAL_Driver/Src/stm32f1xx_hal_tim.o
 .debug_aranges
                0x00000728      0x138 Drivers/STM32F1xx_HAL_Driver/Src/stm32f1xx_hal_tim_ex.o
 .debug_aranges
                0x00000860      0x100 Drivers/STM32F1xx_HAL_Driver/Src/stm32f1xx_ll_usb.o
 .debug_aranges
                0x00000960       0x90 Middlewares/ST/STM32_USB_Device_Library/Class/CDC/Src/usbd_cdc.o
 .debug_aranges
                0x000009f0       0xb8 Middlewares/ST/STM32_USB_Device_Library/Core/Src/usbd_core.o
 .debug_aranges
                0x00000aa8       0x88 Middlewares/ST/STM32_USB_Device_Library/Core/Src/usbd_ctlreq.o
 .debug_aranges
                0x00000b30       0x50 Middlewares/ST/STM32_USB_Device_Library/Core/Src/usbd_ioreq.o
 .debug_aranges
                0x00000b80       0x40 Src/main.o
 .debug_aranges
                0x00000bc0       0x20 Src/stm32f1xx_hal_msp.o
 .debug_aranges
                0x00000be0       0x30 Src/stm32f1xx_hal_timebase_TIM.o
 .debug_aranges
                0x00000c10       0x70 Src/stm32f1xx_it.o
 .debug_aranges
                0x00000c80       0x28 Src/system_stm32f1xx.o
 .debug_aranges
                0x00000ca8       0x20 Src/usb_device.o
 .debug_aranges
                0x00000cc8       0x40 Src/usbd_cdc_if.o
 .debug_aranges
                0x00000d08      0x110 Src/usbd_conf.o
 .debug_aranges
                0x00000e18       0x50 Src/usbd_desc.o
 .debug_aranges
                0x00000e68       0x38 ros_lib/time.o
 .debug_aranges
                0x00000ea0       0x28 startup/startup_stm32f103xb.o
 .debug_aranges
                0x00000ec8      0x170 usr/cpp_main.o
 .debug_aranges
                0x00001038       0x28 usr/ledStatus.o
 .debug_aranges
                0x00001060       0x28 usr/nbt.o
 .debug_aranges
                0x00001088       0x68 usr/ringbuffer.o

.debug_ranges   0x00000000     0x1398
 .debug_ranges  0x00000000       0xc0 Drivers/STM32F1xx_HAL_Driver/Src/stm32f1xx_hal.o
 .debug_ranges  0x000000c0       0xe0 Drivers/STM32F1xx_HAL_Driver/Src/stm32f1xx_hal_cortex.o
 .debug_ranges  0x000001a0       0x48 Drivers/STM32F1xx_HAL_Driver/Src/stm32f1xx_hal_gpio.o
 .debug_ranges  0x000001e8      0x140 Drivers/STM32F1xx_HAL_Driver/Src/stm32f1xx_hal_pcd.o
 .debug_ranges  0x00000328       0x18 Drivers/STM32F1xx_HAL_Driver/Src/stm32f1xx_hal_pcd_ex.o
 .debug_ranges  0x00000340       0xa0 Drivers/STM32F1xx_HAL_Driver/Src/stm32f1xx_hal_rcc.o
 .debug_ranges  0x000003e0       0x38 Drivers/STM32F1xx_HAL_Driver/Src/stm32f1xx_hal_rcc_ex.o
 .debug_ranges  0x00000418      0x358 Drivers/STM32F1xx_HAL_Driver/Src/stm32f1xx_hal_tim.o
 .debug_ranges  0x00000770      0x128 Drivers/STM32F1xx_HAL_Driver/Src/stm32f1xx_hal_tim_ex.o
 .debug_ranges  0x00000898      0x1e0 Drivers/STM32F1xx_HAL_Driver/Src/stm32f1xx_ll_usb.o
 .debug_ranges  0x00000a78       0x80 Middlewares/ST/STM32_USB_Device_Library/Class/CDC/Src/usbd_cdc.o
 .debug_ranges  0x00000af8       0xa8 Middlewares/ST/STM32_USB_Device_Library/Core/Src/usbd_core.o
 .debug_ranges  0x00000ba0       0x78 Middlewares/ST/STM32_USB_Device_Library/Core/Src/usbd_ctlreq.o
 .debug_ranges  0x00000c18       0x40 Middlewares/ST/STM32_USB_Device_Library/Core/Src/usbd_ioreq.o
 .debug_ranges  0x00000c58       0x30 Src/main.o
 .debug_ranges  0x00000c88       0x10 Src/stm32f1xx_hal_msp.o
 .debug_ranges  0x00000c98       0x20 Src/stm32f1xx_hal_timebase_TIM.o
 .debug_ranges  0x00000cb8       0x60 Src/stm32f1xx_it.o
 .debug_ranges  0x00000d18       0x18 Src/system_stm32f1xx.o
 .debug_ranges  0x00000d30       0x10 Src/usb_device.o
 .debug_ranges  0x00000d40       0x30 Src/usbd_cdc_if.o
 .debug_ranges  0x00000d70      0x100 Src/usbd_conf.o
 .debug_ranges  0x00000e70       0x40 Src/usbd_desc.o
 .debug_ranges  0x00000eb0       0x28 ros_lib/time.o
 .debug_ranges  0x00000ed8       0x20 startup/startup_stm32f103xb.o
 .debug_ranges  0x00000ef8      0x3d0 usr/cpp_main.o
 .debug_ranges  0x000012c8       0x18 usr/ledStatus.o
 .debug_ranges  0x000012e0       0x18 usr/nbt.o
 .debug_ranges  0x000012f8       0xa0 usr/ringbuffer.o

.debug_macro    0x00000000    0x1a3f7
 .debug_macro   0x00000000      0x32e Drivers/STM32F1xx_HAL_Driver/Src/stm32f1xx_hal.o
 .debug_macro   0x0000032e      0x8bc Drivers/STM32F1xx_HAL_Driver/Src/stm32f1xx_hal.o
 .debug_macro   0x00000bea       0x6a Drivers/STM32F1xx_HAL_Driver/Src/stm32f1xx_hal.o
 .debug_macro   0x00000c54      0x16f Drivers/STM32F1xx_HAL_Driver/Src/stm32f1xx_hal.o
 .debug_macro   0x00000dc3       0x2e Drivers/STM32F1xx_HAL_Driver/Src/stm32f1xx_hal.o
 .debug_macro   0x00000df1       0x22 Drivers/STM32F1xx_HAL_Driver/Src/stm32f1xx_hal.o
 .debug_macro   0x00000e13       0x22 Drivers/STM32F1xx_HAL_Driver/Src/stm32f1xx_hal.o
 .debug_macro   0x00000e35       0x87 Drivers/STM32F1xx_HAL_Driver/Src/stm32f1xx_hal.o
 .debug_macro   0x00000ebc       0x51 Drivers/STM32F1xx_HAL_Driver/Src/stm32f1xx_hal.o
 .debug_macro   0x00000f0d       0xef Drivers/STM32F1xx_HAL_Driver/Src/stm32f1xx_hal.o
 .debug_macro   0x00000ffc       0x6a Drivers/STM32F1xx_HAL_Driver/Src/stm32f1xx_hal.o
 .debug_macro   0x00001066      0x1df Drivers/STM32F1xx_HAL_Driver/Src/stm32f1xx_hal.o
 .debug_macro   0x00001245       0x34 Drivers/STM32F1xx_HAL_Driver/Src/stm32f1xx_hal.o
 .debug_macro   0x00001279       0x34 Drivers/STM32F1xx_HAL_Driver/Src/stm32f1xx_hal.o
 .debug_macro   0x000012ad      0xb8e Drivers/STM32F1xx_HAL_Driver/Src/stm32f1xx_hal.o
 .debug_macro   0x00001e3b     0xe90a Drivers/STM32F1xx_HAL_Driver/Src/stm32f1xx_hal.o
 .debug_macro   0x00010745       0x43 Drivers/STM32F1xx_HAL_Driver/Src/stm32f1xx_hal.o
 .debug_macro   0x00010788       0x58 Drivers/STM32F1xx_HAL_Driver/Src/stm32f1xx_hal.o
 .debug_macro   0x000107e0       0x35 Drivers/STM32F1xx_HAL_Driver/Src/stm32f1xx_hal.o
 .debug_macro   0x00010815       0x9c Drivers/STM32F1xx_HAL_Driver/Src/stm32f1xx_hal.o
 .debug_macro   0x000108b1       0x16 Drivers/STM32F1xx_HAL_Driver/Src/stm32f1xx_hal.o
 .debug_macro   0x000108c7       0x97 Drivers/STM32F1xx_HAL_Driver/Src/stm32f1xx_hal.o
 .debug_macro   0x0001095e      0x330 Drivers/STM32F1xx_HAL_Driver/Src/stm32f1xx_hal.o
 .debug_macro   0x00010c8e       0xfd Drivers/STM32F1xx_HAL_Driver/Src/stm32f1xx_hal.o
 .debug_macro   0x00010d8b       0x10 Drivers/STM32F1xx_HAL_Driver/Src/stm32f1xx_hal.o
 .debug_macro   0x00010d9b       0x58 Drivers/STM32F1xx_HAL_Driver/Src/stm32f1xx_hal.o
 .debug_macro   0x00010df3       0x1f Drivers/STM32F1xx_HAL_Driver/Src/stm32f1xx_hal.o
 .debug_macro   0x00010e12       0x43 Drivers/STM32F1xx_HAL_Driver/Src/stm32f1xx_hal.o
 .debug_macro   0x00010e55       0x20 Drivers/STM32F1xx_HAL_Driver/Src/stm32f1xx_hal.o
 .debug_macro   0x00010e75      0x187 Drivers/STM32F1xx_HAL_Driver/Src/stm32f1xx_hal.o
 .debug_macro   0x00010ffc       0x10 Drivers/STM32F1xx_HAL_Driver/Src/stm32f1xx_hal.o
 .debug_macro   0x0001100c       0x1c Drivers/STM32F1xx_HAL_Driver/Src/stm32f1xx_hal.o
 .debug_macro   0x00011028       0x52 Drivers/STM32F1xx_HAL_Driver/Src/stm32f1xx_hal.o
 .debug_macro   0x0001107a       0x40 Drivers/STM32F1xx_HAL_Driver/Src/stm32f1xx_hal.o
 .debug_macro   0x000110ba       0x10 Drivers/STM32F1xx_HAL_Driver/Src/stm32f1xx_hal.o
 .debug_macro   0x000110ca       0x40 Drivers/STM32F1xx_HAL_Driver/Src/stm32f1xx_hal.o
 .debug_macro   0x0001110a       0xd7 Drivers/STM32F1xx_HAL_Driver/Src/stm32f1xx_hal.o
 .debug_macro   0x000111e1       0x16 Drivers/STM32F1xx_HAL_Driver/Src/stm32f1xx_hal.o
 .debug_macro   0x000111f7      0x18b Drivers/STM32F1xx_HAL_Driver/Src/stm32f1xx_hal.o
 .debug_macro   0x00011382       0x50 Drivers/STM32F1xx_HAL_Driver/Src/stm32f1xx_hal.o
 .debug_macro   0x000113d2      0x5c2 Drivers/STM32F1xx_HAL_Driver/Src/stm32f1xx_hal.o
 .debug_macro   0x00011994      0x28a Drivers/STM32F1xx_HAL_Driver/Src/stm32f1xx_hal.o
 .debug_macro   0x00011c1e      0x1cb Drivers/STM32F1xx_HAL_Driver/Src/stm32f1xx_hal.o
 .debug_macro   0x00011de9      0x11e Drivers/STM32F1xx_HAL_Driver/Src/stm32f1xx_hal.o
 .debug_macro   0x00011f07      0x1b3 Drivers/STM32F1xx_HAL_Driver/Src/stm32f1xx_hal.o